Java HotSpot(TM) 64-Bit Server VM (25.311-b11) for bsd-amd64 JRE (1.8.0_311-b11), built on Sep 27 2021 13:08:09 by "java_re" with gcc 4.2.1 Compatible Apple LLVM 11.0.0 (clang-1100.0.33.17)
Memory: 4k page, physical 16777216k(1018924k free)

/proc/meminfo:

CommandLine flags: -XX:InitialHeapSize=1073741824 -XX:MaxHeapSize=1073741824 -XX:+PrintGC -XX:+PrintGCDateStamps -XX:+PrintGCDetails -XX:+PrintGCTimeStamps -XX:+UseCompressedClassPointers -XX:+UseCompressedOops -XX:+UseG1GC 
2022-01-12T16:05:45.937-0800: 0.420: [GC pause (G1 Evacuation Pause) (young), 0.0093725 secs]
   [Parallel Time: 8.0 ms, GC Workers: 10]
      [GC Worker Start (ms): Min: 420.4, Avg: 420.5, Max: 420.6, Diff: 0.3]
      [Ext Root Scanning (ms): Min: 0.1, Avg: 0.4, Max: 1.2, Diff: 1.1, Sum: 3.9]
      [Update RS (ms): Min: 0.0, Avg: 0.0, Max: 0.0, Diff: 0.0, Sum: 0.0]
         [Processed Buffers: Min: 0, Avg: 0.0, Max: 0, Diff: 0, Sum: 0]
      [Scan RS (ms): Min: 0.0, Avg: 0.0, Max: 0.1, Diff: 0.1, Sum: 0.4]
      [Code Root Scanning (ms): Min: 0.0, Avg: 0.0, Max: 0.2, Diff: 0.2, Sum: 0.2]
      [Object Copy (ms): Min: 6.1, Avg: 6.8, Max: 7.1, Diff: 1.0, Sum: 67.8]
      [Termination (ms): Min: 0.0, Avg: 0.3, Max: 0.8, Diff: 0.8, Sum: 3.5]
         [Termination Attempts: Min: 1, Avg: 1.0, Max: 1, Diff: 0, Sum: 10]
      [GC Worker Other (ms): Min: 0.0, Avg: 0.0, Max: 0.1, Diff: 0.1, Sum: 0.4]
      [GC Worker Total (ms): Min: 7.4, Avg: 7.6, Max: 7.8, Diff: 0.4, Sum: 76.2]
      [GC Worker End (ms): Min: 428.0, Avg: 428.2, Max: 428.3, Diff: 0.2]
   [Code Root Fixup: 0.0 ms]
   [Code Root Purge: 0.0 ms]
   [Clear CT: 0.1 ms]
   [Other: 1.3 ms]
      [Choose CSet: 0.0 ms]
      [Ref Proc: 0.3 ms]
      [Ref Enq: 0.0 ms]
      [Redirty Cards: 0.2 ms]
      [Humongous Register: 0.1 ms]
      [Humongous Reclaim: 0.1 ms]
      [Free CSet: 0.0 ms]
   [Eden: 51.0M(51.0M)->0.0B(44.0M) Survivors: 0.0B->7168.0K Heap: 66.3M(1024.0M)->23.2M(1024.0M)]
 [Times: user=0.01 sys=0.04, real=0.01 secs] 
2022-01-12T16:05:46.166-0800: 0.648: [GC pause (G1 Evacuation Pause) (young), 0.0062377 secs]
   [Parallel Time: 5.4 ms, GC Workers: 10]
      [GC Worker Start (ms): Min: 648.1, Avg: 648.3, Max: 648.4, Diff: 0.3]
      [Ext Root Scanning (ms): Min: 0.0, Avg: 0.1, Max: 0.3, Diff: 0.3, Sum: 1.5]
      [Update RS (ms): Min: 0.1, Avg: 0.2, Max: 0.2, Diff: 0.1, Sum: 1.7]
         [Processed Buffers: Min: 1, Avg: 1.5, Max: 3, Diff: 2, Sum: 15]
      [Scan RS (ms): Min: 0.0, Avg: 0.0, Max: 0.0, Diff: 0.0, Sum: 0.1]
      [Code Root Scanning (ms): Min: 0.0, Avg: 0.0, Max: 0.1, Diff: 0.1, Sum: 0.1]
      [Object Copy (ms): Min: 4.0, Avg: 4.4, Max: 4.6, Diff: 0.6, Sum: 43.5]
      [Termination (ms): Min: 0.0, Avg: 0.4, Max: 0.8, Diff: 0.8, Sum: 3.6]
         [Termination Attempts: Min: 1, Avg: 1.0, Max: 1, Diff: 0, Sum: 10]
      [GC Worker Other (ms): Min: 0.0, Avg: 0.0, Max: 0.0, Diff: 0.0, Sum: 0.1]
      [GC Worker Total (ms): Min: 5.0, Avg: 5.1, Max: 5.2, Diff: 0.3, Sum: 50.5]
      [GC Worker End (ms): Min: 653.2, Avg: 653.3, Max: 653.5, Diff: 0.2]
   [Code Root Fixup: 0.0 ms]
   [Code Root Purge: 0.0 ms]
   [Clear CT: 0.1 ms]
   [Other: 0.7 ms]
      [Choose CSet: 0.0 ms]
      [Ref Proc: 0.4 ms]
      [Ref Enq: 0.0 ms]
      [Redirty Cards: 0.2 ms]
      [Humongous Register: 0.0 ms]
      [Humongous Reclaim: 0.0 ms]
      [Free CSet: 0.0 ms]
   [Eden: 44.0M(44.0M)->0.0B(44.0M) Survivors: 7168.0K->7168.0K Heap: 73.6M(1024.0M)->39.4M(1024.0M)]
 [Times: user=0.02 sys=0.03, real=0.01 secs] 
2022-01-12T16:05:46.436-0800: 0.919: [GC pause (G1 Evacuation Pause) (young), 0.0049732 secs]
   [Parallel Time: 4.2 ms, GC Workers: 10]
      [GC Worker Start (ms): Min: 918.7, Avg: 918.8, Max: 918.8, Diff: 0.1]
      [Ext Root Scanning (ms): Min: 0.0, Avg: 0.1, Max: 0.2, Diff: 0.1, Sum: 0.9]
      [Update RS (ms): Min: 0.1, Avg: 0.1, Max: 0.1, Diff: 0.0, Sum: 0.9]
         [Processed Buffers: Min: 1, Avg: 1.4, Max: 2, Diff: 1, Sum: 14]
      [Scan RS (ms): Min: 0.0, Avg: 0.0, Max: 0.1, Diff: 0.0, Sum: 0.2]
      [Code Root Scanning (ms): Min: 0.0, Avg: 0.0, Max: 0.0, Diff: 0.0, Sum: 0.0]
      [Object Copy (ms): Min: 3.3, Avg: 3.5, Max: 3.7, Diff: 0.4, Sum: 35.2]
      [Termination (ms): Min: 0.0, Avg: 0.2, Max: 0.5, Diff: 0.5, Sum: 1.9]
         [Termination Attempts: Min: 1, Avg: 1.0, Max: 1, Diff: 0, Sum: 10]
      [GC Worker Other (ms): Min: 0.0, Avg: 0.0, Max: 0.0, Diff: 0.0, Sum: 0.1]
      [GC Worker Total (ms): Min: 3.9, Avg: 3.9, Max: 4.0, Diff: 0.2, Sum: 39.3]
      [GC Worker End (ms): Min: 922.7, Avg: 922.7, Max: 922.9, Diff: 0.2]
   [Code Root Fixup: 0.0 ms]
   [Code Root Purge: 0.0 ms]
   [Clear CT: 0.2 ms]
   [Other: 0.6 ms]
      [Choose CSet: 0.0 ms]
      [Ref Proc: 0.3 ms]
      [Ref Enq: 0.0 ms]
      [Redirty Cards: 0.1 ms]
      [Humongous Register: 0.0 ms]
      [Humongous Reclaim: 0.0 ms]
      [Free CSet: 0.0 ms]
   [Eden: 44.0M(44.0M)->0.0B(61.0M) Survivors: 7168.0K->7168.0K Heap: 93.9M(1024.0M)->56.4M(1024.0M)]
 [Times: user=0.02 sys=0.02, real=0.01 secs] 
2022-01-12T16:05:46.888-0800: 1.370: [GC pause (G1 Evacuation Pause) (young), 0.0105731 secs]
   [Parallel Time: 9.8 ms, GC Workers: 10]
      [GC Worker Start (ms): Min: 1370.4, Avg: 1370.5, Max: 1370.6, Diff: 0.2]
      [Ext Root Scanning (ms): Min: 0.1, Avg: 0.1, Max: 0.3, Diff: 0.2, Sum: 1.5]
      [Update RS (ms): Min: 0.2, Avg: 0.3, Max: 0.3, Diff: 0.1, Sum: 2.8]
         [Processed Buffers: Min: 0, Avg: 2.3, Max: 3, Diff: 3, Sum: 23]
      [Scan RS (ms): Min: 0.0, Avg: 0.0, Max: 0.0, Diff: 0.0, Sum: 0.1]
      [Code Root Scanning (ms): Min: 0.0, Avg: 0.0, Max: 0.0, Diff: 0.0, Sum: 0.0]
      [Object Copy (ms): Min: 8.6, Avg: 8.7, Max: 8.9, Diff: 0.4, Sum: 87.1]
      [Termination (ms): Min: 0.0, Avg: 0.3, Max: 0.5, Diff: 0.5, Sum: 3.2]
         [Termination Attempts: Min: 1, Avg: 1.0, Max: 1, Diff: 0, Sum: 10]
      [GC Worker Other (ms): Min: 0.0, Avg: 0.0, Max: 0.0, Diff: 0.0, Sum: 0.1]
      [GC Worker Total (ms): Min: 9.3, Avg: 9.5, Max: 9.7, Diff: 0.4, Sum: 94.8]
      [GC Worker End (ms): Min: 1379.9, Avg: 1380.0, Max: 1380.2, Diff: 0.3]
   [Code Root Fixup: 0.0 ms]
   [Code Root Purge: 0.0 ms]
   [Clear CT: 0.1 ms]
   [Other: 0.6 ms]
      [Choose CSet: 0.0 ms]
      [Ref Proc: 0.2 ms]
      [Ref Enq: 0.0 ms]
      [Redirty Cards: 0.2 ms]
      [Humongous Register: 0.0 ms]
      [Humongous Reclaim: 0.1 ms]
      [Free CSet: 0.0 ms]
   [Eden: 61.0M(61.0M)->0.0B(81.0M) Survivors: 7168.0K->9216.0K Heap: 131.5M(1024.0M)->79.5M(1024.0M)]
 [Times: user=0.02 sys=0.05, real=0.01 secs] 
2022-01-12T16:05:47.347-0800: 1.830: [GC pause (G1 Evacuation Pause) (young), 0.0114353 secs]
   [Parallel Time: 10.7 ms, GC Workers: 10]
      [GC Worker Start (ms): Min: 1829.7, Avg: 1829.8, Max: 1829.9, Diff: 0.2]
      [Ext Root Scanning (ms): Min: 0.0, Avg: 0.1, Max: 0.3, Diff: 0.2, Sum: 1.4]
      [Update RS (ms): Min: 0.2, Avg: 0.2, Max: 0.2, Diff: 0.0, Sum: 2.0]
         [Processed Buffers: Min: 1, Avg: 2.0, Max: 3, Diff: 2, Sum: 20]
      [Scan RS (ms): Min: 0.0, Avg: 0.0, Max: 0.0, Diff: 0.0, Sum: 0.1]
      [Code Root Scanning (ms): Min: 0.0, Avg: 0.0, Max: 0.0, Diff: 0.0, Sum: 0.0]
      [Object Copy (ms): Min: 9.4, Avg: 9.8, Max: 10.0, Diff: 0.6, Sum: 97.6]
      [Termination (ms): Min: 0.0, Avg: 0.3, Max: 0.7, Diff: 0.7, Sum: 2.8]
         [Termination Attempts: Min: 1, Avg: 1.0, Max: 1, Diff: 0, Sum: 10]
      [GC Worker Other (ms): Min: 0.0, Avg: 0.0, Max: 0.0, Diff: 0.0, Sum: 0.1]
      [GC Worker Total (ms): Min: 10.3, Avg: 10.4, Max: 10.6, Diff: 0.3, Sum: 104.1]
      [GC Worker End (ms): Min: 1840.2, Avg: 1840.2, Max: 1840.3, Diff: 0.1]
   [Code Root Fixup: 0.0 ms]
   [Code Root Purge: 0.0 ms]
   [Clear CT: 0.2 ms]
   [Other: 0.6 ms]
      [Choose CSet: 0.0 ms]
      [Ref Proc: 0.2 ms]
      [Ref Enq: 0.0 ms]
      [Redirty Cards: 0.2 ms]
      [Humongous Register: 0.0 ms]
      [Humongous Reclaim: 0.0 ms]
      [Free CSet: 0.0 ms]
   [Eden: 81.0M(81.0M)->0.0B(105.0M) Survivors: 9216.0K->12.0M Heap: 172.5M(1024.0M)->110.4M(1024.0M)]
 [Times: user=0.02 sys=0.07, real=0.01 secs] 
2022-01-12T16:05:48.008-0800: 2.490: [GC pause (G1 Evacuation Pause) (young), 0.0131251 secs]
   [Parallel Time: 12.3 ms, GC Workers: 10]
      [GC Worker Start (ms): Min: 2490.4, Avg: 2490.5, Max: 2490.6, Diff: 0.2]
      [Ext Root Scanning (ms): Min: 0.0, Avg: 0.1, Max: 0.2, Diff: 0.2, Sum: 1.2]
      [Update RS (ms): Min: 0.1, Avg: 0.2, Max: 0.2, Diff: 0.1, Sum: 1.6]
         [Processed Buffers: Min: 0, Avg: 1.6, Max: 2, Diff: 2, Sum: 16]
      [Scan RS (ms): Min: 0.0, Avg: 0.0, Max: 0.0, Diff: 0.0, Sum: 0.1]
      [Code Root Scanning (ms): Min: 0.0, Avg: 0.0, Max: 0.0, Diff: 0.0, Sum: 0.0]
      [Object Copy (ms): Min: 11.0, Avg: 11.4, Max: 11.6, Diff: 0.5, Sum: 113.6]
      [Termination (ms): Min: 0.0, Avg: 0.3, Max: 0.7, Diff: 0.7, Sum: 3.1]
         [Termination Attempts: Min: 1, Avg: 1.0, Max: 1, Diff: 0, Sum: 10]
      [GC Worker Other (ms): Min: 0.0, Avg: 0.0, Max: 0.0, Diff: 0.0, Sum: 0.2]
      [GC Worker Total (ms): Min: 11.9, Avg: 12.0, Max: 12.2, Diff: 0.3, Sum: 119.8]
      [GC Worker End (ms): Min: 2502.4, Avg: 2502.5, Max: 2502.6, Diff: 0.2]
   [Code Root Fixup: 0.0 ms]
   [Code Root Purge: 0.0 ms]
   [Clear CT: 0.2 ms]
   [Other: 0.7 ms]
      [Choose CSet: 0.0 ms]
      [Ref Proc: 0.3 ms]
      [Ref Enq: 0.0 ms]
      [Redirty Cards: 0.1 ms]
      [Humongous Register: 0.0 ms]
      [Humongous Reclaim: 0.1 ms]
      [Free CSet: 0.0 ms]
   [Eden: 105.0M(105.0M)->0.0B(140.0M) Survivors: 12.0M->15.0M Heap: 242.0M(1024.0M)->152.1M(1024.0M)]
 [Times: user=0.02 sys=0.07, real=0.02 secs] 
2022-01-12T16:05:48.977-0800: 3.460: [GC pause (G1 Evacuation Pause) (young), 0.0181016 secs]
   [Parallel Time: 17.2 ms, GC Workers: 10]
      [GC Worker Start (ms): Min: 3459.7, Avg: 3459.8, Max: 3459.9, Diff: 0.3]
      [Ext Root Scanning (ms): Min: 0.0, Avg: 0.1, Max: 0.3, Diff: 0.3, Sum: 1.3]
      [Update RS (ms): Min: 0.3, Avg: 0.3, Max: 0.3, Diff: 0.1, Sum: 3.0]
         [Processed Buffers: Min: 1, Avg: 2.3, Max: 3, Diff: 2, Sum: 23]
      [Scan RS (ms): Min: 0.0, Avg: 0.0, Max: 0.0, Diff: 0.0, Sum: 0.2]
      [Code Root Scanning (ms): Min: 0.0, Avg: 0.0, Max: 0.0, Diff: 0.0, Sum: 0.0]
      [Object Copy (ms): Min: 16.0, Avg: 16.1, Max: 16.3, Diff: 0.3, Sum: 161.2]
      [Termination (ms): Min: 0.0, Avg: 0.3, Max: 0.4, Diff: 0.4, Sum: 2.6]
         [Termination Attempts: Min: 1, Avg: 1.4, Max: 2, Diff: 1, Sum: 14]
      [GC Worker Other (ms): Min: 0.0, Avg: 0.0, Max: 0.0, Diff: 0.0, Sum: 0.1]
      [GC Worker Total (ms): Min: 16.6, Avg: 16.8, Max: 17.1, Diff: 0.5, Sum: 168.5]
      [GC Worker End (ms): Min: 3476.6, Avg: 3476.7, Max: 3476.8, Diff: 0.2]
   [Code Root Fixup: 0.0 ms]
   [Code Root Purge: 0.0 ms]
   [Clear CT: 0.2 ms]
   [Other: 0.7 ms]
      [Choose CSet: 0.0 ms]
      [Ref Proc: 0.3 ms]
      [Ref Enq: 0.0 ms]
      [Redirty Cards: 0.1 ms]
      [Humongous Register: 0.1 ms]
      [Humongous Reclaim: 0.1 ms]
      [Free CSet: 0.0 ms]
   [Eden: 140.0M(140.0M)->0.0B(154.0M) Survivors: 15.0M->20.0M Heap: 337.5M(1024.0M)->212.9M(1024.0M)]
 [Times: user=0.04 sys=0.11, real=0.02 secs] 
2022-01-12T16:05:50.048-0800: 4.531: [GC pause (G1 Evacuation Pause) (young), 0.0207472 secs]
   [Parallel Time: 19.8 ms, GC Workers: 10]
      [GC Worker Start (ms): Min: 4530.9, Avg: 4531.1, Max: 4531.2, Diff: 0.3]
      [Ext Root Scanning (ms): Min: 0.0, Avg: 0.1, Max: 0.3, Diff: 0.3, Sum: 1.3]
      [Update RS (ms): Min: 0.3, Avg: 0.4, Max: 0.4, Diff: 0.1, Sum: 3.5]
         [Processed Buffers: Min: 0, Avg: 2.6, Max: 3, Diff: 3, Sum: 26]
      [Scan RS (ms): Min: 0.0, Avg: 0.0, Max: 0.1, Diff: 0.1, Sum: 0.2]
      [Code Root Scanning (ms): Min: 0.0, Avg: 0.0, Max: 0.0, Diff: 0.0, Sum: 0.0]
      [Object Copy (ms): Min: 18.4, Avg: 18.7, Max: 18.9, Diff: 0.5, Sum: 187.1]
      [Termination (ms): Min: 0.0, Avg: 0.3, Max: 0.7, Diff: 0.7, Sum: 2.5]
         [Termination Attempts: Min: 1, Avg: 1.4, Max: 2, Diff: 1, Sum: 14]
      [GC Worker Other (ms): Min: 0.0, Avg: 0.0, Max: 0.0, Diff: 0.0, Sum: 0.1]
      [GC Worker Total (ms): Min: 19.3, Avg: 19.5, Max: 19.6, Diff: 0.3, Sum: 194.9]
      [GC Worker End (ms): Min: 4550.5, Avg: 4550.6, Max: 4550.7, Diff: 0.2]
   [Code Root Fixup: 0.0 ms]
   [Code Root Purge: 0.0 ms]
   [Clear CT: 0.1 ms]
   [Other: 0.8 ms]
      [Choose CSet: 0.0 ms]
      [Ref Proc: 0.3 ms]
      [Ref Enq: 0.0 ms]
      [Redirty Cards: 0.1 ms]
      [Humongous Register: 0.1 ms]
      [Humongous Reclaim: 0.1 ms]
      [Free CSet: 0.0 ms]
   [Eden: 154.0M(154.0M)->0.0B(168.0M) Survivors: 20.0M->22.0M Heap: 421.9M(1024.0M)->269.5M(1024.0M)]
 [Times: user=0.04 sys=0.12, real=0.02 secs] 
2022-01-12T16:05:51.114-0800: 5.596: [GC pause (G1 Evacuation Pause) (young), 0.0197570 secs]
   [Parallel Time: 18.8 ms, GC Workers: 10]
      [GC Worker Start (ms): Min: 5596.0, Avg: 5596.1, Max: 5596.3, Diff: 0.2]
      [Ext Root Scanning (ms): Min: 0.0, Avg: 0.1, Max: 0.3, Diff: 0.2, Sum: 1.4]
      [Update RS (ms): Min: 0.3, Avg: 0.3, Max: 0.4, Diff: 0.1, Sum: 3.3]
         [Processed Buffers: Min: 0, Avg: 2.6, Max: 3, Diff: 3, Sum: 26]
      [Scan RS (ms): Min: 0.0, Avg: 0.0, Max: 0.1, Diff: 0.0, Sum: 0.3]
      [Code Root Scanning (ms): Min: 0.0, Avg: 0.0, Max: 0.0, Diff: 0.0, Sum: 0.0]
      [Object Copy (ms): Min: 17.2, Avg: 17.4, Max: 18.0, Diff: 0.7, Sum: 173.9]
      [Termination (ms): Min: 0.0, Avg: 0.6, Max: 0.7, Diff: 0.7, Sum: 5.9]
         [Termination Attempts: Min: 1, Avg: 1.0, Max: 1, Diff: 0, Sum: 10]
      [GC Worker Other (ms): Min: 0.0, Avg: 0.0, Max: 0.0, Diff: 0.0, Sum: 0.2]
      [GC Worker Total (ms): Min: 18.4, Avg: 18.5, Max: 18.7, Diff: 0.3, Sum: 185.0]
      [GC Worker End (ms): Min: 5614.6, Avg: 5614.6, Max: 5614.8, Diff: 0.2]
   [Code Root Fixup: 0.0 ms]
   [Code Root Purge: 0.0 ms]
   [Clear CT: 0.2 ms]
   [Other: 0.7 ms]
      [Choose CSet: 0.0 ms]
      [Ref Proc: 0.3 ms]
      [Ref Enq: 0.0 ms]
      [Redirty Cards: 0.1 ms]
      [Humongous Register: 0.1 ms]
      [Humongous Reclaim: 0.1 ms]
      [Free CSet: 0.0 ms]
   [Eden: 168.0M(168.0M)->0.0B(462.0M) Survivors: 22.0M->24.0M Heap: 482.6M(1024.0M)->324.5M(1024.0M)]
 [Times: user=0.05 sys=0.11, real=0.02 secs] 
2022-01-12T16:05:53.068-0800: 7.550: [GC pause (G1 Humongous Allocation) (young) (initial-mark), 0.0321115 secs]
   [Parallel Time: 30.9 ms, GC Workers: 10]
      [GC Worker Start (ms): Min: 7550.6, Avg: 7550.8, Max: 7551.0, Diff: 0.3]
      [Ext Root Scanning (ms): Min: 0.0, Avg: 0.3, Max: 0.6, Diff: 0.6, Sum: 3.2]
      [Update RS (ms): Min: 0.1, Avg: 0.2, Max: 0.3, Diff: 0.2, Sum: 2.1]
         [Processed Buffers: Min: 0, Avg: 2.0, Max: 5, Diff: 5, Sum: 20]
      [Scan RS (ms): Min: 0.1, Avg: 0.1, Max: 0.1, Diff: 0.0, Sum: 0.7]
      [Code Root Scanning (ms): Min: 0.0, Avg: 0.0, Max: 0.0, Diff: 0.0, Sum: 0.1]
      [Object Copy (ms): Min: 29.4, Avg: 29.6, Max: 29.8, Diff: 0.4, Sum: 295.9]
      [Termination (ms): Min: 0.0, Avg: 0.3, Max: 0.5, Diff: 0.5, Sum: 3.5]
         [Termination Attempts: Min: 1, Avg: 1.7, Max: 4, Diff: 3, Sum: 17]
      [GC Worker Other (ms): Min: 0.0, Avg: 0.0, Max: 0.0, Diff: 0.0, Sum: 0.2]
      [GC Worker Total (ms): Min: 30.3, Avg: 30.6, Max: 30.8, Diff: 0.5, Sum: 305.6]
      [GC Worker End (ms): Min: 7581.3, Avg: 7581.4, Max: 7581.5, Diff: 0.2]
   [Code Root Fixup: 0.0 ms]
   [Code Root Purge: 0.0 ms]
   [Clear CT: 0.2 ms]
   [Other: 1.0 ms]
      [Choose CSet: 0.0 ms]
      [Ref Proc: 0.3 ms]
      [Ref Enq: 0.0 ms]
      [Redirty Cards: 0.1 ms]
      [Humongous Register: 0.1 ms]
      [Humongous Reclaim: 0.2 ms]
      [Free CSet: 0.1 ms]
   [Eden: 290.0M(462.0M)->0.0B(201.0M) Survivors: 24.0M->61.0M Heap: 689.2M(1024.0M)->401.7M(1024.0M)]
 [Times: user=0.05 sys=0.19, real=0.04 secs] 
2022-01-12T16:05:53.100-0800: 7.583: [GC concurrent-root-region-scan-start]
2022-01-12T16:05:53.101-0800: 7.583: [GC concurrent-root-region-scan-end, 0.0001743 secs]
2022-01-12T16:05:53.101-0800: 7.583: [GC concurrent-mark-start]
2022-01-12T16:05:53.103-0800: 7.585: [GC concurrent-mark-end, 0.0022132 secs]
2022-01-12T16:05:53.103-0800: 7.585: [GC remark 2022-01-12T16:05:53.103-0800: 7.585: [Finalize Marking, 0.0008173 secs] 2022-01-12T16:05:53.104-0800: 7.586: [GC ref-proc, 0.0000557 secs] 2022-01-12T16:05:53.104-0800: 7.586: [Unloading, 0.0004867 secs], 0.0019138 secs]
 [Times: user=0.00 sys=0.00, real=0.00 secs] 
2022-01-12T16:05:53.105-0800: 7.587: [GC cleanup 403M->395M(1024M), 0.0008745 secs]
 [Times: user=0.01 sys=0.00, real=0.00 secs] 
2022-01-12T16:05:53.106-0800: 7.588: [GC concurrent-cleanup-start]
2022-01-12T16:05:53.106-0800: 7.588: [GC concurrent-cleanup-end, 0.0000111 secs]
2022-01-12T16:05:54.379-0800: 8.861: [GC pause (G1 Evacuation Pause) (young), 0.0232961 secs]
   [Parallel Time: 22.3 ms, GC Workers: 10]
      [GC Worker Start (ms): Min: 8861.1, Avg: 8861.3, Max: 8861.4, Diff: 0.3]
      [Ext Root Scanning (ms): Min: 0.0, Avg: 0.1, Max: 0.3, Diff: 0.3, Sum: 1.2]
      [Update RS (ms): Min: 0.2, Avg: 0.3, Max: 0.6, Diff: 0.4, Sum: 3.1]
         [Processed Buffers: Min: 0, Avg: 2.1, Max: 3, Diff: 3, Sum: 21]
      [Scan RS (ms): Min: 0.0, Avg: 0.1, Max: 0.1, Diff: 0.1, Sum: 0.5]
      [Code Root Scanning (ms): Min: 0.0, Avg: 0.0, Max: 0.0, Diff: 0.0, Sum: 0.1]
      [Object Copy (ms): Min: 20.5, Avg: 20.9, Max: 21.3, Diff: 0.8, Sum: 209.1]
      [Termination (ms): Min: 0.0, Avg: 0.5, Max: 0.7, Diff: 0.7, Sum: 4.8]
         [Termination Attempts: Min: 1, Avg: 1.4, Max: 2, Diff: 1, Sum: 14]
      [GC Worker Other (ms): Min: 0.0, Avg: 0.0, Max: 0.0, Diff: 0.0, Sum: 0.2]
      [GC Worker Total (ms): Min: 21.7, Avg: 21.9, Max: 22.1, Diff: 0.4, Sum: 219.0]
      [GC Worker End (ms): Min: 8883.1, Avg: 8883.2, Max: 8883.3, Diff: 0.2]
   [Code Root Fixup: 0.0 ms]
   [Code Root Purge: 0.0 ms]
   [Clear CT: 0.2 ms]
   [Other: 0.8 ms]
      [Choose CSet: 0.0 ms]
      [Ref Proc: 0.3 ms]
      [Ref Enq: 0.0 ms]
      [Redirty Cards: 0.2 ms]
      [Humongous Register: 0.1 ms]
      [Humongous Reclaim: 0.1 ms]
      [Free CSet: 0.1 ms]
   [Eden: 201.0M(201.0M)->0.0B(18.0M) Survivors: 61.0M->33.0M Heap: 653.1M(1024.0M)->452.5M(1024.0M)]
 [Times: user=0.07 sys=0.11, real=0.03 secs] 
2022-01-12T16:05:54.512-0800: 8.994: [GC pause (G1 Evacuation Pause) (mixed), 0.0079743 secs]
   [Parallel Time: 6.8 ms, GC Workers: 10]
      [GC Worker Start (ms): Min: 8994.4, Avg: 8994.6, Max: 8994.8, Diff: 0.4]
      [Ext Root Scanning (ms): Min: 0.0, Avg: 0.2, Max: 0.5, Diff: 0.4, Sum: 2.1]
      [Update RS (ms): Min: 0.1, Avg: 0.3, Max: 0.4, Diff: 0.2, Sum: 2.8]
         [Processed Buffers: Min: 2, Avg: 2.2, Max: 3, Diff: 1, Sum: 22]
      [Scan RS (ms): Min: 0.0, Avg: 0.3, Max: 0.7, Diff: 0.7, Sum: 3.2]
      [Code Root Scanning (ms): Min: 0.0, Avg: 0.0, Max: 0.1, Diff: 0.1, Sum: 0.1]
      [Object Copy (ms): Min: 4.7, Avg: 5.2, Max: 5.4, Diff: 0.7, Sum: 51.7]
      [Termination (ms): Min: 0.0, Avg: 0.3, Max: 0.6, Diff: 0.6, Sum: 3.4]
         [Termination Attempts: Min: 1, Avg: 1.0, Max: 1, Diff: 0, Sum: 10]
      [GC Worker Other (ms): Min: 0.0, Avg: 0.0, Max: 0.0, Diff: 0.0, Sum: 0.2]
      [GC Worker Total (ms): Min: 6.1, Avg: 6.3, Max: 6.7, Diff: 0.5, Sum: 63.4]
      [GC Worker End (ms): Min: 9000.9, Avg: 9001.0, Max: 9001.1, Diff: 0.3]
   [Code Root Fixup: 0.0 ms]
   [Code Root Purge: 0.0 ms]
   [Clear CT: 0.2 ms]
   [Other: 0.9 ms]
      [Choose CSet: 0.1 ms]
      [Ref Proc: 0.4 ms]
      [Ref Enq: 0.0 ms]
      [Redirty Cards: 0.1 ms]
      [Humongous Register: 0.1 ms]
      [Humongous Reclaim: 0.0 ms]
      [Free CSet: 0.1 ms]
   [Eden: 18.0M(18.0M)->0.0B(359.0M) Survivors: 33.0M->7168.0K Heap: 474.7M(1024.0M)->393.6M(1024.0M)]
 [Times: user=0.04 sys=0.03, real=0.01 secs] 
2022-01-12T16:05:54.820-0800: 9.302: [GC pause (G1 Humongous Allocation) (young) (initial-mark), 0.0043090 secs]
   [Parallel Time: 2.9 ms, GC Workers: 10]
      [GC Worker Start (ms): Min: 9302.5, Avg: 9302.6, Max: 9302.7, Diff: 0.2]
      [Ext Root Scanning (ms): Min: 0.0, Avg: 0.1, Max: 0.2, Diff: 0.2, Sum: 0.9]
      [Update RS (ms): Min: 0.3, Avg: 0.3, Max: 0.3, Diff: 0.0, Sum: 2.9]
         [Processed Buffers: Min: 3, Avg: 3.9, Max: 5, Diff: 2, Sum: 39]
      [Scan RS (ms): Min: 0.0, Avg: 0.0, Max: 0.0, Diff: 0.0, Sum: 0.1]
      [Code Root Scanning (ms): Min: 0.0, Avg: 0.0, Max: 0.0, Diff: 0.0, Sum: 0.0]
      [Object Copy (ms): Min: 1.8, Avg: 1.8, Max: 2.1, Diff: 0.3, Sum: 18.3]
      [Termination (ms): Min: 0.0, Avg: 0.4, Max: 0.5, Diff: 0.5, Sum: 4.0]
         [Termination Attempts: Min: 1, Avg: 1.0, Max: 1, Diff: 0, Sum: 10]
      [GC Worker Other (ms): Min: 0.0, Avg: 0.0, Max: 0.0, Diff: 0.0, Sum: 0.1]
      [GC Worker Total (ms): Min: 2.4, Avg: 2.6, Max: 2.7, Diff: 0.3, Sum: 26.3]
      [GC Worker End (ms): Min: 9305.1, Avg: 9305.2, Max: 9305.3, Diff: 0.2]
   [Code Root Fixup: 0.0 ms]
   [Code Root Purge: 0.0 ms]
   [Clear CT: 0.1 ms]
   [Other: 1.3 ms]
      [Choose CSet: 0.0 ms]
      [Ref Proc: 0.9 ms]
      [Ref Enq: 0.0 ms]
      [Redirty Cards: 0.1 ms]
      [Humongous Register: 0.1 ms]
      [Humongous Reclaim: 0.0 ms]
      [Free CSet: 0.0 ms]
   [Eden: 52.0M(359.0M)->0.0B(321.0M) Survivors: 7168.0K->22.0M Heap: 458.3M(1024.0M)->408.3M(1024.0M)]
 [Times: user=0.03 sys=0.00, real=0.00 secs] 
2022-01-12T16:05:54.825-0800: 9.307: [GC concurrent-root-region-scan-start]
2022-01-12T16:05:54.825-0800: 9.307: [GC concurrent-root-region-scan-end, 0.0001194 secs]
2022-01-12T16:05:54.825-0800: 9.307: [GC concurrent-mark-start]
2022-01-12T16:05:54.826-0800: 9.309: [GC concurrent-mark-end, 0.0016747 secs]
2022-01-12T16:05:54.827-0800: 9.309: [GC remark 2022-01-12T16:05:54.827-0800: 9.309: [Finalize Marking, 0.0008370 secs] 2022-01-12T16:05:54.827-0800: 9.310: [GC ref-proc, 0.0000803 secs] 2022-01-12T16:05:54.828-0800: 9.310: [Unloading, 0.0005232 secs], 0.0021581 secs]
 [Times: user=0.01 sys=0.00, real=0.00 secs] 
2022-01-12T16:05:54.829-0800: 9.311: [GC cleanup 409M->406M(1024M), 0.0011658 secs]
 [Times: user=0.00 sys=0.00, real=0.01 secs] 
2022-01-12T16:05:54.830-0800: 9.312: [GC concurrent-cleanup-start]
2022-01-12T16:05:54.830-0800: 9.312: [GC concurrent-cleanup-end, 0.0000141 secs]
2022-01-12T16:05:56.862-0800: 11.344: [GC pause (G1 Evacuation Pause) (young) (to-space exhausted), 0.0265625 secs]
   [Parallel Time: 25.3 ms, GC Workers: 10]
      [GC Worker Start (ms): Min: 11344.7, Avg: 11344.8, Max: 11344.9, Diff: 0.2]
      [Ext Root Scanning (ms): Min: 0.1, Avg: 0.2, Max: 0.3, Diff: 0.2, Sum: 1.6]
      [Update RS (ms): Min: 0.3, Avg: 0.4, Max: 0.4, Diff: 0.2, Sum: 3.6]
         [Processed Buffers: Min: 0, Avg: 2.6, Max: 3, Diff: 3, Sum: 26]
      [Scan RS (ms): Min: 0.0, Avg: 0.1, Max: 0.1, Diff: 0.1, Sum: 0.7]
      [Code Root Scanning (ms): Min: 0.0, Avg: 0.0, Max: 0.0, Diff: 0.0, Sum: 0.1]
      [Object Copy (ms): Min: 23.9, Avg: 24.1, Max: 24.3, Diff: 0.3, Sum: 240.8]
      [Termination (ms): Min: 0.0, Avg: 0.3, Max: 0.6, Diff: 0.6, Sum: 2.7]
         [Termination Attempts: Min: 1, Avg: 1.1, Max: 2, Diff: 1, Sum: 11]
      [GC Worker Other (ms): Min: 0.0, Avg: 0.0, Max: 0.0, Diff: 0.0, Sum: 0.2]
      [GC Worker Total (ms): Min: 24.8, Avg: 25.0, Max: 25.1, Diff: 0.3, Sum: 249.6]
      [GC Worker End (ms): Min: 11369.7, Avg: 11369.8, Max: 11369.9, Diff: 0.2]
   [Code Root Fixup: 0.0 ms]
   [Code Root Purge: 0.0 ms]
   [Clear CT: 0.2 ms]
   [Other: 1.1 ms]
      [Evacuation Failure: 0.2 ms]
      [Choose CSet: 0.0 ms]
      [Ref Proc: 0.3 ms]
      [Ref Enq: 0.0 ms]
      [Redirty Cards: 0.2 ms]
      [Humongous Register: 0.1 ms]
      [Humongous Reclaim: 0.2 ms]
      [Free CSet: 0.1 ms]
   [Eden: 321.0M(321.0M)->0.0B(8192.0K) Survivors: 22.0M->43.0M Heap: 819.8M(1024.0M)->500.0M(1024.0M)]
 [Times: user=0.06 sys=0.14, real=0.02 secs] 
2022-01-12T16:05:56.938-0800: 11.420: [GC pause (G1 Evacuation Pause) (mixed), 0.0080276 secs]
   [Parallel Time: 6.9 ms, GC Workers: 10]
      [GC Worker Start (ms): Min: 11420.3, Avg: 11420.5, Max: 11420.7, Diff: 0.4]
      [Ext Root Scanning (ms): Min: 0.0, Avg: 0.2, Max: 0.4, Diff: 0.4, Sum: 1.8]
      [Update RS (ms): Min: 0.4, Avg: 0.4, Max: 0.5, Diff: 0.1, Sum: 4.1]
         [Processed Buffers: Min: 0, Avg: 3.2, Max: 4, Diff: 4, Sum: 32]
      [Scan RS (ms): Min: 0.0, Avg: 0.1, Max: 0.6, Diff: 0.6, Sum: 1.0]
      [Code Root Scanning (ms): Min: 0.0, Avg: 0.0, Max: 0.0, Diff: 0.0, Sum: 0.0]
      [Object Copy (ms): Min: 5.3, Avg: 5.8, Max: 5.9, Diff: 0.6, Sum: 57.5]
      [Termination (ms): Min: 0.0, Avg: 0.1, Max: 0.1, Diff: 0.1, Sum: 0.8]
         [Termination Attempts: Min: 1, Avg: 1.0, Max: 1, Diff: 0, Sum: 10]
      [GC Worker Other (ms): Min: 0.0, Avg: 0.0, Max: 0.0, Diff: 0.0, Sum: 0.2]
      [GC Worker Total (ms): Min: 6.4, Avg: 6.5, Max: 6.8, Diff: 0.5, Sum: 65.4]
      [GC Worker End (ms): Min: 11427.1, Avg: 11427.1, Max: 11427.1, Diff: 0.0]
   [Code Root Fixup: 0.0 ms]
   [Code Root Purge: 0.0 ms]
   [Clear CT: 0.2 ms]
   [Other: 0.9 ms]
      [Choose CSet: 0.1 ms]
      [Ref Proc: 0.3 ms]
      [Ref Enq: 0.0 ms]
      [Redirty Cards: 0.2 ms]
      [Humongous Register: 0.1 ms]
      [Humongous Reclaim: 0.0 ms]
      [Free CSet: 0.1 ms]
   [Eden: 8192.0K(8192.0K)->0.0B(299.0M) Survivors: 43.0M->3072.0K Heap: 512.1M(1024.0M)->447.3M(1024.0M)]
 [Times: user=0.04 sys=0.02, real=0.01 secs] 
2022-01-12T16:05:56.990-0800: 11.472: [GC pause (G1 Humongous Allocation) (young) (initial-mark), 0.0018842 secs]
   [Parallel Time: 0.8 ms, GC Workers: 10]
      [GC Worker Start (ms): Min: 11471.9, Avg: 11472.0, Max: 11472.1, Diff: 0.2]
      [Ext Root Scanning (ms): Min: 0.1, Avg: 0.2, Max: 0.3, Diff: 0.2, Sum: 1.7]
      [Update RS (ms): Min: 0.0, Avg: 0.1, Max: 0.2, Diff: 0.2, Sum: 0.8]
         [Processed Buffers: Min: 1, Avg: 1.1, Max: 2, Diff: 1, Sum: 11]
      [Scan RS (ms): Min: 0.0, Avg: 0.0, Max: 0.0, Diff: 0.0, Sum: 0.0]
      [Code Root Scanning (ms): Min: 0.0, Avg: 0.0, Max: 0.0, Diff: 0.0, Sum: 0.0]
      [Object Copy (ms): Min: 0.1, Avg: 0.2, Max: 0.3, Diff: 0.2, Sum: 2.0]
      [Termination (ms): Min: 0.0, Avg: 0.1, Max: 0.1, Diff: 0.1, Sum: 0.6]
         [Termination Attempts: Min: 1, Avg: 1.0, Max: 1, Diff: 0, Sum: 10]
      [GC Worker Other (ms): Min: 0.0, Avg: 0.0, Max: 0.0, Diff: 0.0, Sum: 0.2]
      [GC Worker Total (ms): Min: 0.4, Avg: 0.5, Max: 0.6, Diff: 0.2, Sum: 5.3]
      [GC Worker End (ms): Min: 11472.6, Avg: 11472.6, Max: 11472.6, Diff: 0.0]
   [Code Root Fixup: 0.0 ms]
   [Code Root Purge: 0.0 ms]
   [Clear CT: 0.2 ms]
   [Other: 0.9 ms]
      [Choose CSet: 0.0 ms]
      [Ref Proc: 0.4 ms]
      [Ref Enq: 0.0 ms]
      [Redirty Cards: 0.2 ms]
      [Humongous Register: 0.1 ms]
      [Humongous Reclaim: 0.0 ms]
      [Free CSet: 0.0 ms]
   [Eden: 7168.0K(299.0M)->0.0B(308.0M) Survivors: 3072.0K->5120.0K Heap: 454.0M(1024.0M)->448.9M(1024.0M)]
 [Times: user=0.00 sys=0.00, real=0.00 secs] 
2022-01-12T16:05:56.992-0800: 11.474: [GC concurrent-root-region-scan-start]
2022-01-12T16:05:56.992-0800: 11.474: [GC concurrent-root-region-scan-end, 0.0000808 secs]
2022-01-12T16:05:56.992-0800: 11.474: [GC concurrent-mark-start]
2022-01-12T16:05:56.993-0800: 11.475: [GC concurrent-mark-end, 0.0014430 secs]
2022-01-12T16:05:56.993-0800: 11.475: [GC remark 2022-01-12T16:05:56.993-0800: 11.475: [Finalize Marking, 0.0004059 secs] 2022-01-12T16:05:56.994-0800: 11.476: [GC ref-proc, 0.0000667 secs] 2022-01-12T16:05:56.994-0800: 11.476: [Unloading, 0.0005105 secs], 0.0016595 secs]
 [Times: user=0.01 sys=0.00, real=0.00 secs] 
2022-01-12T16:05:56.995-0800: 11.477: [GC cleanup 450M->446M(1024M), 0.0009630 secs]
 [Times: user=0.00 sys=0.00, real=0.00 secs] 
2022-01-12T16:05:56.996-0800: 11.478: [GC concurrent-cleanup-start]
2022-01-12T16:05:56.996-0800: 11.478: [GC concurrent-cleanup-end, 0.0000109 secs]
2022-01-12T16:05:58.896-0800: 13.378: [GC pause (G1 Evacuation Pause) (young) (to-space exhausted), 0.0086103 secs]
   [Parallel Time: 6.8 ms, GC Workers: 10]
      [GC Worker Start (ms): Min: 13378.3, Avg: 13378.4, Max: 13378.4, Diff: 0.1]
      [Ext Root Scanning (ms): Min: 0.0, Avg: 0.1, Max: 0.2, Diff: 0.1, Sum: 0.9]
      [Update RS (ms): Min: 0.2, Avg: 0.3, Max: 0.6, Diff: 0.4, Sum: 2.7]
         [Processed Buffers: Min: 0, Avg: 3.0, Max: 4, Diff: 4, Sum: 30]
      [Scan RS (ms): Min: 0.0, Avg: 0.0, Max: 0.1, Diff: 0.0, Sum: 0.4]
      [Code Root Scanning (ms): Min: 0.0, Avg: 0.0, Max: 0.0, Diff: 0.0, Sum: 0.1]
      [Object Copy (ms): Min: 5.8, Avg: 6.2, Max: 6.2, Diff: 0.4, Sum: 61.5]
      [Termination (ms): Min: 0.0, Avg: 0.0, Max: 0.1, Diff: 0.1, Sum: 0.4]
         [Termination Attempts: Min: 1, Avg: 2.2, Max: 6, Diff: 5, Sum: 22]
      [GC Worker Other (ms): Min: 0.0, Avg: 0.0, Max: 0.0, Diff: 0.0, Sum: 0.2]
      [GC Worker Total (ms): Min: 6.5, Avg: 6.6, Max: 6.7, Diff: 0.1, Sum: 66.1]
      [GC Worker End (ms): Min: 13385.0, Avg: 13385.0, Max: 13385.0, Diff: 0.1]
   [Code Root Fixup: 0.0 ms]
   [Code Root Purge: 0.0 ms]
   [Clear CT: 0.3 ms]
   [Other: 1.5 ms]
      [Evacuation Failure: 0.5 ms]
      [Choose CSet: 0.0 ms]
      [Ref Proc: 0.2 ms]
      [Ref Enq: 0.0 ms]
      [Redirty Cards: 0.2 ms]
      [Humongous Register: 0.1 ms]
      [Humongous Reclaim: 0.2 ms]
      [Free CSet: 0.1 ms]
   [Eden: 308.0M(308.0M)->0.0B(11.0M) Survivors: 5120.0K->40.0M Heap: 844.5M(1024.0M)->647.1M(1024.0M)]
 [Times: user=0.06 sys=0.00, real=0.01 secs] 
2022-01-12T16:05:58.962-0800: 13.444: [GC pause (G1 Evacuation Pause) (mixed), 0.0090270 secs]
   [Parallel Time: 7.4 ms, GC Workers: 10]
      [GC Worker Start (ms): Min: 13444.1, Avg: 13444.2, Max: 13444.2, Diff: 0.1]
      [Ext Root Scanning (ms): Min: 0.0, Avg: 0.1, Max: 0.4, Diff: 0.4, Sum: 1.3]
      [Update RS (ms): Min: 0.0, Avg: 0.2, Max: 0.3, Diff: 0.3, Sum: 2.1]
         [Processed Buffers: Min: 0, Avg: 3.4, Max: 5, Diff: 5, Sum: 34]
      [Scan RS (ms): Min: 0.0, Avg: 0.0, Max: 0.1, Diff: 0.1, Sum: 0.4]
      [Code Root Scanning (ms): Min: 0.0, Avg: 0.0, Max: 0.0, Diff: 0.0, Sum: 0.0]
      [Object Copy (ms): Min: 6.6, Avg: 6.7, Max: 6.8, Diff: 0.3, Sum: 66.7]
      [Termination (ms): Min: 0.0, Avg: 0.2, Max: 0.3, Diff: 0.3, Sum: 1.9]
         [Termination Attempts: Min: 1, Avg: 1.0, Max: 1, Diff: 0, Sum: 10]
      [GC Worker Other (ms): Min: 0.0, Avg: 0.0, Max: 0.0, Diff: 0.0, Sum: 0.1]
      [GC Worker Total (ms): Min: 7.1, Avg: 7.3, Max: 7.3, Diff: 0.2, Sum: 72.5]
      [GC Worker End (ms): Min: 13451.4, Avg: 13451.4, Max: 13451.5, Diff: 0.1]
   [Code Root Fixup: 0.0 ms]
   [Code Root Purge: 0.0 ms]
   [Clear CT: 0.4 ms]
   [Other: 1.2 ms]
      [Choose CSet: 0.1 ms]
      [Ref Proc: 0.4 ms]
      [Ref Enq: 0.0 ms]
      [Redirty Cards: 0.3 ms]
      [Humongous Register: 0.1 ms]
      [Humongous Reclaim: 0.0 ms]
      [Free CSet: 0.1 ms]
   [Eden: 11.0M(11.0M)->0.0B(212.0M) Survivors: 40.0M->4096.0K Heap: 660.8M(1024.0M)->578.9M(1024.0M)]
 [Times: user=0.05 sys=0.02, real=0.01 secs] 
2022-01-12T16:05:58.982-0800: 13.464: [GC pause (G1 Humongous Allocation) (young) (initial-mark), 0.0015363 secs]
   [Parallel Time: 0.8 ms, GC Workers: 10]
      [GC Worker Start (ms): Min: 13463.9, Avg: 13463.9, Max: 13464.0, Diff: 0.1]
      [Ext Root Scanning (ms): Min: 0.1, Avg: 0.1, Max: 0.2, Diff: 0.2, Sum: 1.4]
      [Update RS (ms): Min: 0.0, Avg: 0.1, Max: 0.4, Diff: 0.4, Sum: 0.9]
         [Processed Buffers: Min: 0, Avg: 1.1, Max: 2, Diff: 2, Sum: 11]
      [Scan RS (ms): Min: 0.0, Avg: 0.0, Max: 0.0, Diff: 0.0, Sum: 0.0]
      [Code Root Scanning (ms): Min: 0.0, Avg: 0.0, Max: 0.0, Diff: 0.0, Sum: 0.0]
      [Object Copy (ms): Min: 0.0, Avg: 0.3, Max: 0.4, Diff: 0.4, Sum: 2.8]
      [Termination (ms): Min: 0.0, Avg: 0.1, Max: 0.2, Diff: 0.2, Sum: 1.1]
         [Termination Attempts: Min: 1, Avg: 1.5, Max: 3, Diff: 2, Sum: 15]
      [GC Worker Other (ms): Min: 0.0, Avg: 0.0, Max: 0.0, Diff: 0.0, Sum: 0.1]
      [GC Worker Total (ms): Min: 0.6, Avg: 0.6, Max: 0.7, Diff: 0.1, Sum: 6.3]
      [GC Worker End (ms): Min: 13464.5, Avg: 13464.6, Max: 13464.6, Diff: 0.1]
   [Code Root Fixup: 0.0 ms]
   [Code Root Purge: 0.0 ms]
   [Clear CT: 0.1 ms]
   [Other: 0.6 ms]
      [Choose CSet: 0.0 ms]
      [Ref Proc: 0.2 ms]
      [Ref Enq: 0.0 ms]
      [Redirty Cards: 0.1 ms]
      [Humongous Register: 0.1 ms]
      [Humongous Reclaim: 0.1 ms]
      [Free CSet: 0.0 ms]
   [Eden: 2048.0K(212.0M)->0.0B(189.0M) Survivors: 4096.0K->5120.0K Heap: 580.1M(1024.0M)->578.5M(1024.0M)]
 [Times: user=0.01 sys=0.00, real=0.00 secs] 
2022-01-12T16:05:58.983-0800: 13.465: [GC concurrent-root-region-scan-start]
2022-01-12T16:05:58.983-0800: 13.465: [GC concurrent-root-region-scan-end, 0.0000852 secs]
2022-01-12T16:05:58.983-0800: 13.465: [GC concurrent-mark-start]
2022-01-12T16:05:58.985-0800: 13.467: [GC concurrent-mark-end, 0.0015329 secs]
2022-01-12T16:05:58.985-0800: 13.467: [GC remark 2022-01-12T16:05:58.985-0800: 13.467: [Finalize Marking, 0.0002867 secs] 2022-01-12T16:05:58.985-0800: 13.467: [GC ref-proc, 0.0001237 secs] 2022-01-12T16:05:58.985-0800: 13.468: [Unloading, 0.0004963 secs], 0.0017673 secs]
 [Times: user=0.01 sys=0.00, real=0.00 secs] 
2022-01-12T16:05:58.987-0800: 13.469: [GC cleanup 580M->571M(1024M), 0.0010223 secs]
 [Times: user=0.01 sys=0.00, real=0.00 secs] 
2022-01-12T16:05:58.988-0800: 13.470: [GC concurrent-cleanup-start]
2022-01-12T16:05:58.988-0800: 13.470: [GC concurrent-cleanup-end, 0.0000198 secs]
2022-01-12T16:06:00.109-0800: 14.592: [GC pause (G1 Evacuation Pause) (young), 0.0073173 secs]
   [Parallel Time: 6.2 ms, GC Workers: 10]
      [GC Worker Start (ms): Min: 14591.7, Avg: 14591.7, Max: 14591.8, Diff: 0.1]
      [Ext Root Scanning (ms): Min: 0.0, Avg: 0.1, Max: 0.2, Diff: 0.1, Sum: 1.0]
      [Update RS (ms): Min: 0.2, Avg: 0.3, Max: 0.7, Diff: 0.5, Sum: 2.9]
         [Processed Buffers: Min: 0, Avg: 3.5, Max: 5, Diff: 5, Sum: 35]
      [Scan RS (ms): Min: 0.0, Avg: 0.0, Max: 0.2, Diff: 0.2, Sum: 0.4]
      [Code Root Scanning (ms): Min: 0.0, Avg: 0.0, Max: 0.0, Diff: 0.0, Sum: 0.0]
      [Object Copy (ms): Min: 4.9, Avg: 5.4, Max: 5.6, Diff: 0.7, Sum: 53.9]
      [Termination (ms): Min: 0.0, Avg: 0.2, Max: 0.3, Diff: 0.3, Sum: 2.1]
         [Termination Attempts: Min: 1, Avg: 1.3, Max: 2, Diff: 1, Sum: 13]
      [GC Worker Other (ms): Min: 0.0, Avg: 0.0, Max: 0.0, Diff: 0.0, Sum: 0.1]
      [GC Worker Total (ms): Min: 6.0, Avg: 6.0, Max: 6.1, Diff: 0.2, Sum: 60.4]
      [GC Worker End (ms): Min: 14597.7, Avg: 14597.8, Max: 14597.8, Diff: 0.1]
   [Code Root Fixup: 0.0 ms]
   [Code Root Purge: 0.0 ms]
   [Clear CT: 0.1 ms]
   [Other: 0.9 ms]
      [Choose CSet: 0.0 ms]
      [Ref Proc: 0.4 ms]
      [Ref Enq: 0.0 ms]
      [Redirty Cards: 0.1 ms]
      [Humongous Register: 0.1 ms]
      [Humongous Reclaim: 0.1 ms]
      [Free CSet: 0.1 ms]
   [Eden: 189.0M(189.0M)->0.0B(26.0M) Survivors: 5120.0K->25.0M Heap: 817.1M(1024.0M)->629.3M(1024.0M)]
 [Times: user=0.06 sys=0.00, real=0.01 secs] 
2022-01-12T16:06:00.254-0800: 14.736: [GC pause (G1 Evacuation Pause) (mixed), 0.0061484 secs]
   [Parallel Time: 5.1 ms, GC Workers: 10]
      [GC Worker Start (ms): Min: 14736.1, Avg: 14736.3, Max: 14736.4, Diff: 0.3]
      [Ext Root Scanning (ms): Min: 0.0, Avg: 0.1, Max: 0.3, Diff: 0.3, Sum: 1.3]
      [Update RS (ms): Min: 0.4, Avg: 0.4, Max: 0.4, Diff: 0.1, Sum: 4.1]
         [Processed Buffers: Min: 3, Avg: 4.2, Max: 5, Diff: 2, Sum: 42]
      [Scan RS (ms): Min: 0.0, Avg: 0.0, Max: 0.1, Diff: 0.1, Sum: 0.5]
      [Code Root Scanning (ms): Min: 0.0, Avg: 0.0, Max: 0.0, Diff: 0.0, Sum: 0.0]
      [Object Copy (ms): Min: 3.9, Avg: 4.0, Max: 4.2, Diff: 0.2, Sum: 40.1]
      [Termination (ms): Min: 0.0, Avg: 0.2, Max: 0.3, Diff: 0.3, Sum: 2.2]
         [Termination Attempts: Min: 1, Avg: 1.0, Max: 1, Diff: 0, Sum: 10]
      [GC Worker Other (ms): Min: 0.0, Avg: 0.0, Max: 0.0, Diff: 0.0, Sum: 0.1]
      [GC Worker Total (ms): Min: 4.7, Avg: 4.8, Max: 5.0, Diff: 0.3, Sum: 48.4]
      [GC Worker End (ms): Min: 14741.0, Avg: 14741.1, Max: 14741.1, Diff: 0.1]
   [Code Root Fixup: 0.0 ms]
   [Code Root Purge: 0.0 ms]
   [Clear CT: 0.1 ms]
   [Other: 0.9 ms]
      [Choose CSet: 0.1 ms]
      [Ref Proc: 0.4 ms]
      [Ref Enq: 0.0 ms]
      [Redirty Cards: 0.2 ms]
      [Humongous Register: 0.1 ms]
      [Humongous Reclaim: 0.0 ms]
      [Free CSet: 0.1 ms]
   [Eden: 26.0M(26.0M)->0.0B(44.0M) Survivors: 25.0M->7168.0K Heap: 659.0M(1024.0M)->543.5M(1024.0M)]
 [Times: user=0.04 sys=0.01, real=0.01 secs] 
2022-01-12T16:06:00.521-0800: 15.003: [GC pause (G1 Evacuation Pause) (mixed), 0.0073200 secs]
   [Parallel Time: 6.0 ms, GC Workers: 10]
      [GC Worker Start (ms): Min: 15003.2, Avg: 15003.4, Max: 15003.6, Diff: 0.4]
      [Ext Root Scanning (ms): Min: 0.0, Avg: 0.2, Max: 0.4, Diff: 0.4, Sum: 1.9]
      [Update RS (ms): Min: 0.8, Avg: 0.8, Max: 0.8, Diff: 0.1, Sum: 8.1]
         [Processed Buffers: Min: 2, Avg: 4.5, Max: 6, Diff: 4, Sum: 45]
      [Scan RS (ms): Min: 0.0, Avg: 0.1, Max: 0.1, Diff: 0.1, Sum: 0.7]
      [Code Root Scanning (ms): Min: 0.0, Avg: 0.0, Max: 0.0, Diff: 0.0, Sum: 0.0]
      [Object Copy (ms): Min: 4.3, Avg: 4.4, Max: 4.5, Diff: 0.2, Sum: 43.8]
      [Termination (ms): Min: 0.0, Avg: 0.2, Max: 0.3, Diff: 0.3, Sum: 2.2]
         [Termination Attempts: Min: 1, Avg: 1.2, Max: 2, Diff: 1, Sum: 12]
      [GC Worker Other (ms): Min: 0.0, Avg: 0.0, Max: 0.0, Diff: 0.0, Sum: 0.2]
      [GC Worker Total (ms): Min: 5.5, Avg: 5.7, Max: 5.9, Diff: 0.5, Sum: 56.9]
      [GC Worker End (ms): Min: 15009.0, Avg: 15009.1, Max: 15009.2, Diff: 0.1]
   [Code Root Fixup: 0.0 ms]
   [Code Root Purge: 0.0 ms]
   [Clear CT: 0.2 ms]
   [Other: 1.1 ms]
      [Choose CSet: 0.1 ms]
      [Ref Proc: 0.4 ms]
      [Ref Enq: 0.0 ms]
      [Redirty Cards: 0.2 ms]
      [Humongous Register: 0.2 ms]
      [Humongous Reclaim: 0.0 ms]
      [Free CSet: 0.1 ms]
   [Eden: 44.0M(44.0M)->0.0B(44.0M) Survivors: 7168.0K->7168.0K Heap: 597.0M(1024.0M)->482.6M(1024.0M)]
 [Times: user=0.05 sys=0.01, real=0.00 secs] 
2022-01-12T16:06:00.791-0800: 15.273: [GC pause (G1 Evacuation Pause) (mixed), 0.0045956 secs]
   [Parallel Time: 3.5 ms, GC Workers: 10]
      [GC Worker Start (ms): Min: 15273.6, Avg: 15273.9, Max: 15274.6, Diff: 0.9]
      [Ext Root Scanning (ms): Min: 0.0, Avg: 0.1, Max: 0.3, Diff: 0.3, Sum: 1.4]
      [Update RS (ms): Min: 0.1, Avg: 0.6, Max: 0.8, Diff: 0.7, Sum: 6.0]
         [Processed Buffers: Min: 1, Avg: 5.9, Max: 10, Diff: 9, Sum: 59]
      [Scan RS (ms): Min: 0.0, Avg: 0.0, Max: 0.0, Diff: 0.0, Sum: 0.3]
      [Code Root Scanning (ms): Min: 0.0, Avg: 0.0, Max: 0.0, Diff: 0.0, Sum: 0.0]
      [Object Copy (ms): Min: 2.3, Avg: 2.3, Max: 2.4, Diff: 0.1, Sum: 23.4]
      [Termination (ms): Min: 0.0, Avg: 0.1, Max: 0.1, Diff: 0.1, Sum: 0.5]
         [Termination Attempts: Min: 1, Avg: 1.0, Max: 1, Diff: 0, Sum: 10]
      [GC Worker Other (ms): Min: 0.0, Avg: 0.0, Max: 0.0, Diff: 0.0, Sum: 0.2]
      [GC Worker Total (ms): Min: 2.5, Avg: 3.2, Max: 3.4, Diff: 0.9, Sum: 31.8]
      [GC Worker End (ms): Min: 15277.0, Avg: 15277.0, Max: 15277.1, Diff: 0.1]
   [Code Root Fixup: 0.0 ms]
   [Code Root Purge: 0.0 ms]
   [Clear CT: 0.2 ms]
   [Other: 0.9 ms]
      [Choose CSet: 0.0 ms]
      [Ref Proc: 0.4 ms]
      [Ref Enq: 0.0 ms]
      [Redirty Cards: 0.2 ms]
      [Humongous Register: 0.1 ms]
      [Humongous Reclaim: 0.0 ms]
      [Free CSet: 0.0 ms]
   [Eden: 44.0M(44.0M)->0.0B(268.0M) Survivors: 7168.0K->7168.0K Heap: 532.5M(1024.0M)->479.0M(1024.0M)]
 [Times: user=0.03 sys=0.01, real=0.00 secs] 
2022-01-12T16:06:00.817-0800: 15.299: [GC pause (G1 Humongous Allocation) (young) (initial-mark), 0.0017212 secs]
   [Parallel Time: 0.9 ms, GC Workers: 10]
      [GC Worker Start (ms): Min: 15299.5, Avg: 15299.6, Max: 15299.6, Diff: 0.2]
      [Ext Root Scanning (ms): Min: 0.1, Avg: 0.1, Max: 0.2, Diff: 0.2, Sum: 1.5]
      [Update RS (ms): Min: 0.0, Avg: 0.1, Max: 0.2, Diff: 0.2, Sum: 0.6]
         [Processed Buffers: Min: 1, Avg: 1.0, Max: 1, Diff: 0, Sum: 10]
      [Scan RS (ms): Min: 0.0, Avg: 0.0, Max: 0.0, Diff: 0.0, Sum: 0.0]
      [Code Root Scanning (ms): Min: 0.0, Avg: 0.0, Max: 0.0, Diff: 0.0, Sum: 0.0]
      [Object Copy (ms): Min: 0.3, Avg: 0.4, Max: 0.5, Diff: 0.2, Sum: 4.2]
      [Termination (ms): Min: 0.0, Avg: 0.0, Max: 0.2, Diff: 0.2, Sum: 0.5]
         [Termination Attempts: Min: 1, Avg: 1.0, Max: 1, Diff: 0, Sum: 10]
      [GC Worker Other (ms): Min: 0.0, Avg: 0.0, Max: 0.0, Diff: 0.0, Sum: 0.1]
      [GC Worker Total (ms): Min: 0.6, Avg: 0.7, Max: 0.8, Diff: 0.1, Sum: 6.9]
      [GC Worker End (ms): Min: 15300.2, Avg: 15300.3, Max: 15300.3, Diff: 0.1]
   [Code Root Fixup: 0.0 ms]
   [Code Root Purge: 0.0 ms]
   [Clear CT: 0.2 ms]
   [Other: 0.6 ms]
      [Choose CSet: 0.0 ms]
      [Ref Proc: 0.3 ms]
      [Ref Enq: 0.0 ms]
      [Redirty Cards: 0.1 ms]
      [Humongous Register: 0.1 ms]
      [Humongous Reclaim: 0.0 ms]
      [Free CSet: 0.0 ms]
   [Eden: 3072.0K(268.0M)->0.0B(278.0M) Survivors: 7168.0K->9216.0K Heap: 482.0M(1024.0M)->480.1M(1024.0M)]
 [Times: user=0.01 sys=0.00, real=0.00 secs] 
2022-01-12T16:06:00.819-0800: 15.301: [GC concurrent-root-region-scan-start]
2022-01-12T16:06:00.819-0800: 15.301: [GC concurrent-root-region-scan-end, 0.0001033 secs]
2022-01-12T16:06:00.819-0800: 15.301: [GC concurrent-mark-start]
2022-01-12T16:06:00.821-0800: 15.303: [GC concurrent-mark-end, 0.0013853 secs]
2022-01-12T16:06:00.821-0800: 15.303: [GC remark 2022-01-12T16:06:00.821-0800: 15.303: [Finalize Marking, 0.0003140 secs] 2022-01-12T16:06:00.821-0800: 15.303: [GC ref-proc, 0.0000509 secs] 2022-01-12T16:06:00.821-0800: 15.303: [Unloading, 0.0004650 secs], 0.0016190 secs]
 [Times: user=0.01 sys=0.00, real=0.00 secs] 
2022-01-12T16:06:00.822-0800: 15.304: [GC cleanup 481M->476M(1024M), 0.0009159 secs]
 [Times: user=0.00 sys=0.00, real=0.00 secs] 
2022-01-12T16:06:00.823-0800: 15.305: [GC concurrent-cleanup-start]
2022-01-12T16:06:00.823-0800: 15.305: [GC concurrent-cleanup-end, 0.0000125 secs]
2022-01-12T16:06:02.503-0800: 16.985: [GC pause (G1 Evacuation Pause) (young), 0.0098820 secs]
   [Parallel Time: 8.7 ms, GC Workers: 10]
      [GC Worker Start (ms): Min: 16985.6, Avg: 16985.8, Max: 16986.0, Diff: 0.4]
      [Ext Root Scanning (ms): Min: 0.0, Avg: 0.2, Max: 0.4, Diff: 0.4, Sum: 1.8]
      [Update RS (ms): Min: 0.8, Avg: 0.8, Max: 0.8, Diff: 0.0, Sum: 7.8]
         [Processed Buffers: Min: 3, Avg: 5.9, Max: 7, Diff: 4, Sum: 59]
      [Scan RS (ms): Min: 0.1, Avg: 0.1, Max: 0.1, Diff: 0.0, Sum: 0.7]
      [Code Root Scanning (ms): Min: 0.0, Avg: 0.0, Max: 0.0, Diff: 0.0, Sum: 0.1]
      [Object Copy (ms): Min: 7.1, Avg: 7.1, Max: 7.2, Diff: 0.1, Sum: 71.3]
      [Termination (ms): Min: 0.0, Avg: 0.1, Max: 0.2, Diff: 0.2, Sum: 1.0]
         [Termination Attempts: Min: 1, Avg: 1.0, Max: 1, Diff: 0, Sum: 10]
      [GC Worker Other (ms): Min: 0.0, Avg: 0.0, Max: 0.0, Diff: 0.0, Sum: 0.2]
      [GC Worker Total (ms): Min: 8.1, Avg: 8.3, Max: 8.5, Diff: 0.4, Sum: 82.9]
      [GC Worker End (ms): Min: 16994.1, Avg: 16994.1, Max: 16994.2, Diff: 0.1]
   [Code Root Fixup: 0.0 ms]
   [Code Root Purge: 0.0 ms]
   [Clear CT: 0.2 ms]
   [Other: 1.0 ms]
      [Choose CSet: 0.0 ms]
      [Ref Proc: 0.4 ms]
      [Ref Enq: 0.0 ms]
      [Redirty Cards: 0.2 ms]
      [Humongous Register: 0.2 ms]
      [Humongous Reclaim: 0.1 ms]
      [Free CSet: 0.1 ms]
   [Eden: 278.0M(278.0M)->0.0B(15.0M) Survivors: 9216.0K->36.0M Heap: 820.2M(1024.0M)->551.6M(1024.0M)]
 [Times: user=0.07 sys=0.01, real=0.01 secs] 
2022-01-12T16:06:02.601-0800: 17.083: [GC pause (G1 Evacuation Pause) (mixed), 0.0094668 secs]
   [Parallel Time: 8.2 ms, GC Workers: 10]
      [GC Worker Start (ms): Min: 17083.2, Avg: 17083.4, Max: 17083.6, Diff: 0.3]
      [Ext Root Scanning (ms): Min: 0.0, Avg: 0.1, Max: 0.3, Diff: 0.3, Sum: 1.0]
      [Update RS (ms): Min: 0.3, Avg: 0.4, Max: 0.4, Diff: 0.1, Sum: 3.6]
         [Processed Buffers: Min: 3, Avg: 3.6, Max: 5, Diff: 2, Sum: 36]
      [Scan RS (ms): Min: 0.0, Avg: 0.1, Max: 0.1, Diff: 0.1, Sum: 0.7]
      [Code Root Scanning (ms): Min: 0.0, Avg: 0.0, Max: 0.0, Diff: 0.0, Sum: 0.0]
      [Object Copy (ms): Min: 6.3, Avg: 6.4, Max: 7.2, Diff: 0.8, Sum: 64.4]
      [Termination (ms): Min: 0.0, Avg: 0.8, Max: 0.8, Diff: 0.8, Sum: 7.6]
         [Termination Attempts: Min: 1, Avg: 1.1, Max: 2, Diff: 1, Sum: 11]
      [GC Worker Other (ms): Min: 0.0, Avg: 0.0, Max: 0.0, Diff: 0.0, Sum: 0.2]
      [GC Worker Total (ms): Min: 7.6, Avg: 7.7, Max: 8.0, Diff: 0.5, Sum: 77.5]
      [GC Worker End (ms): Min: 17091.1, Avg: 17091.2, Max: 17091.3, Diff: 0.2]
   [Code Root Fixup: 0.0 ms]
   [Code Root Purge: 0.0 ms]
   [Clear CT: 0.2 ms]
   [Other: 1.1 ms]
      [Choose CSet: 0.1 ms]
      [Ref Proc: 0.4 ms]
      [Ref Enq: 0.0 ms]
      [Redirty Cards: 0.2 ms]
      [Humongous Register: 0.2 ms]
      [Humongous Reclaim: 0.0 ms]
      [Free CSet: 0.1 ms]
   [Eden: 15.0M(15.0M)->0.0B(46.0M) Survivors: 36.0M->5120.0K Heap: 569.7M(1024.0M)->481.1M(1024.0M)]
 [Times: user=0.06 sys=0.01, real=0.01 secs] 
2022-01-12T16:06:02.881-0800: 17.363: [GC pause (G1 Evacuation Pause) (mixed), 0.0043956 secs]
   [Parallel Time: 3.5 ms, GC Workers: 10]
      [GC Worker Start (ms): Min: 17363.5, Avg: 17363.7, Max: 17363.8, Diff: 0.3]
      [Ext Root Scanning (ms): Min: 0.0, Avg: 0.1, Max: 0.5, Diff: 0.5, Sum: 1.4]
      [Update RS (ms): Min: 0.8, Avg: 0.9, Max: 1.0, Diff: 0.2, Sum: 9.4]
         [Processed Buffers: Min: 5, Avg: 7.4, Max: 9, Diff: 4, Sum: 74]
      [Scan RS (ms): Min: 0.0, Avg: 0.0, Max: 0.1, Diff: 0.1, Sum: 0.2]
      [Code Root Scanning (ms): Min: 0.0, Avg: 0.0, Max: 0.0, Diff: 0.0, Sum: 0.0]
      [Object Copy (ms): Min: 2.0, Avg: 2.0, Max: 2.1, Diff: 0.1, Sum: 20.3]
      [Termination (ms): Min: 0.0, Avg: 0.1, Max: 0.1, Diff: 0.1, Sum: 0.6]
         [Termination Attempts: Min: 1, Avg: 1.0, Max: 1, Diff: 0, Sum: 10]
      [GC Worker Other (ms): Min: 0.0, Avg: 0.0, Max: 0.0, Diff: 0.0, Sum: 0.1]
      [GC Worker Total (ms): Min: 3.1, Avg: 3.2, Max: 3.4, Diff: 0.3, Sum: 32.2]
      [GC Worker End (ms): Min: 17366.9, Avg: 17366.9, Max: 17366.9, Diff: 0.0]
   [Code Root Fixup: 0.0 ms]
   [Code Root Purge: 0.0 ms]
   [Clear CT: 0.1 ms]
   [Other: 0.8 ms]
      [Choose CSet: 0.0 ms]
      [Ref Proc: 0.4 ms]
      [Ref Enq: 0.0 ms]
      [Redirty Cards: 0.1 ms]
      [Humongous Register: 0.1 ms]
      [Humongous Reclaim: 0.0 ms]
      [Free CSet: 0.0 ms]
   [Eden: 46.0M(46.0M)->0.0B(270.0M) Survivors: 5120.0K->7168.0K Heap: 541.2M(1024.0M)->494.3M(1024.0M)]
 [Times: user=0.03 sys=0.00, real=0.00 secs] 
2022-01-12T16:06:02.889-0800: 17.371: [GC pause (G1 Humongous Allocation) (young) (initial-mark), 0.0021325 secs]
   [Parallel Time: 1.1 ms, GC Workers: 10]
      [GC Worker Start (ms): Min: 17370.9, Avg: 17371.0, Max: 17371.1, Diff: 0.2]
      [Ext Root Scanning (ms): Min: 0.1, Avg: 0.2, Max: 0.3, Diff: 0.3, Sum: 1.6]
      [Update RS (ms): Min: 0.0, Avg: 0.1, Max: 0.2, Diff: 0.1, Sum: 0.8]
         [Processed Buffers: Min: 1, Avg: 1.1, Max: 2, Diff: 1, Sum: 11]
      [Scan RS (ms): Min: 0.0, Avg: 0.0, Max: 0.0, Diff: 0.0, Sum: 0.0]
      [Code Root Scanning (ms): Min: 0.0, Avg: 0.0, Max: 0.0, Diff: 0.0, Sum: 0.0]
      [Object Copy (ms): Min: 0.4, Avg: 0.4, Max: 0.5, Diff: 0.2, Sum: 4.5]
      [Termination (ms): Min: 0.0, Avg: 0.1, Max: 0.2, Diff: 0.2, Sum: 0.7]
         [Termination Attempts: Min: 1, Avg: 1.0, Max: 1, Diff: 0, Sum: 10]
      [GC Worker Other (ms): Min: 0.0, Avg: 0.0, Max: 0.0, Diff: 0.0, Sum: 0.2]
      [GC Worker Total (ms): Min: 0.7, Avg: 0.8, Max: 1.0, Diff: 0.3, Sum: 7.8]
      [GC Worker End (ms): Min: 17371.8, Avg: 17371.8, Max: 17371.8, Diff: 0.1]
   [Code Root Fixup: 0.0 ms]
   [Code Root Purge: 0.0 ms]
   [Clear CT: 0.2 ms]
   [Other: 0.9 ms]
      [Choose CSet: 0.0 ms]
      [Ref Proc: 0.4 ms]
      [Ref Enq: 0.0 ms]
      [Redirty Cards: 0.2 ms]
      [Humongous Register: 0.1 ms]
      [Humongous Reclaim: 0.0 ms]
      [Free CSet: 0.0 ms]
   [Eden: 1024.0K(270.0M)->0.0B(280.0M) Survivors: 7168.0K->8192.0K Heap: 494.9M(1024.0M)->495.0M(1024.0M)]
 [Times: user=0.01 sys=0.00, real=0.01 secs] 
2022-01-12T16:06:02.891-0800: 17.373: [GC concurrent-root-region-scan-start]
2022-01-12T16:06:02.891-0800: 17.373: [GC concurrent-root-region-scan-end, 0.0000779 secs]
2022-01-12T16:06:02.891-0800: 17.373: [GC concurrent-mark-start]
2022-01-12T16:06:02.892-0800: 17.374: [GC concurrent-mark-end, 0.0013808 secs]
2022-01-12T16:06:02.892-0800: 17.374: [GC remark 2022-01-12T16:06:02.892-0800: 17.375: [Finalize Marking, 0.0003406 secs] 2022-01-12T16:06:02.893-0800: 17.375: [GC ref-proc, 0.0000655 secs] 2022-01-12T16:06:02.893-0800: 17.375: [Unloading, 0.0005800 secs], 0.0019261 secs]
 [Times: user=0.01 sys=0.00, real=0.00 secs] 
2022-01-12T16:06:02.895-0800: 17.377: [GC cleanup 496M->491M(1024M), 0.0011136 secs]
 [Times: user=0.01 sys=0.00, real=0.00 secs] 
2022-01-12T16:06:02.896-0800: 17.378: [GC concurrent-cleanup-start]
2022-01-12T16:06:02.896-0800: 17.378: [GC concurrent-cleanup-end, 0.0000146 secs]
2022-01-12T16:06:04.727-0800: 19.209: [GC pause (G1 Evacuation Pause) (young) (to-space exhausted), 0.0091799 secs]
   [Parallel Time: 7.5 ms, GC Workers: 10]
      [GC Worker Start (ms): Min: 19208.8, Avg: 19208.9, Max: 19209.1, Diff: 0.3]
      [Ext Root Scanning (ms): Min: 0.0, Avg: 0.1, Max: 0.3, Diff: 0.3, Sum: 1.4]
      [Update RS (ms): Min: 0.8, Avg: 0.8, Max: 0.9, Diff: 0.1, Sum: 8.4]
         [Processed Buffers: Min: 3, Avg: 6.2, Max: 7, Diff: 4, Sum: 62]
      [Scan RS (ms): Min: 0.0, Avg: 0.1, Max: 0.1, Diff: 0.0, Sum: 0.6]
      [Code Root Scanning (ms): Min: 0.0, Avg: 0.0, Max: 0.0, Diff: 0.0, Sum: 0.1]
      [Object Copy (ms): Min: 6.1, Avg: 6.1, Max: 6.1, Diff: 0.1, Sum: 60.7]
      [Termination (ms): Min: 0.0, Avg: 0.1, Max: 0.2, Diff: 0.2, Sum: 1.0]
         [Termination Attempts: Min: 1, Avg: 1.0, Max: 1, Diff: 0, Sum: 10]
      [GC Worker Other (ms): Min: 0.0, Avg: 0.0, Max: 0.0, Diff: 0.0, Sum: 0.2]
      [GC Worker Total (ms): Min: 7.1, Avg: 7.2, Max: 7.4, Diff: 0.3, Sum: 72.5]
      [GC Worker End (ms): Min: 19216.1, Avg: 19216.2, Max: 19216.2, Diff: 0.1]
   [Code Root Fixup: 0.0 ms]
   [Code Root Purge: 0.0 ms]
   [Clear CT: 0.3 ms]
   [Other: 1.4 ms]
      [Evacuation Failure: 0.3 ms]
      [Choose CSet: 0.0 ms]
      [Ref Proc: 0.4 ms]
      [Ref Enq: 0.0 ms]
      [Redirty Cards: 0.2 ms]
      [Humongous Register: 0.1 ms]
      [Humongous Reclaim: 0.2 ms]
      [Free CSet: 0.1 ms]
   [Eden: 280.0M(280.0M)->0.0B(15.0M) Survivors: 8192.0K->36.0M Heap: 849.4M(1024.0M)->591.0M(1024.0M)]
 [Times: user=0.07 sys=0.00, real=0.01 secs] 
2022-01-12T16:06:04.826-0800: 19.308: [GC pause (G1 Evacuation Pause) (mixed), 0.0082588 secs]
   [Parallel Time: 7.1 ms, GC Workers: 10]
      [GC Worker Start (ms): Min: 19307.9, Avg: 19308.2, Max: 19308.4, Diff: 0.4]
      [Ext Root Scanning (ms): Min: 0.0, Avg: 0.2, Max: 0.4, Diff: 0.4, Sum: 1.8]
      [Update RS (ms): Min: 0.4, Avg: 0.5, Max: 0.5, Diff: 0.1, Sum: 4.5]
         [Processed Buffers: Min: 4, Avg: 4.4, Max: 5, Diff: 1, Sum: 44]
      [Scan RS (ms): Min: 0.0, Avg: 0.1, Max: 0.1, Diff: 0.1, Sum: 0.6]
      [Code Root Scanning (ms): Min: 0.0, Avg: 0.0, Max: 0.0, Diff: 0.0, Sum: 0.0]
      [Object Copy (ms): Min: 5.7, Avg: 5.8, Max: 5.9, Diff: 0.2, Sum: 57.8]
      [Termination (ms): Min: 0.0, Avg: 0.2, Max: 0.3, Diff: 0.3, Sum: 2.0]
         [Termination Attempts: Min: 1, Avg: 1.1, Max: 2, Diff: 1, Sum: 11]
      [GC Worker Other (ms): Min: 0.0, Avg: 0.0, Max: 0.0, Diff: 0.0, Sum: 0.2]
      [GC Worker Total (ms): Min: 6.4, Avg: 6.7, Max: 7.0, Diff: 0.5, Sum: 67.0]
      [GC Worker End (ms): Min: 19314.8, Avg: 19314.9, Max: 19314.9, Diff: 0.1]
   [Code Root Fixup: 0.0 ms]
   [Code Root Purge: 0.0 ms]
   [Clear CT: 0.2 ms]
   [Other: 1.0 ms]
      [Choose CSet: 0.1 ms]
      [Ref Proc: 0.4 ms]
      [Ref Enq: 0.0 ms]
      [Redirty Cards: 0.2 ms]
      [Humongous Register: 0.1 ms]
      [Humongous Reclaim: 0.0 ms]
      [Free CSet: 0.1 ms]
   [Eden: 15.0M(15.0M)->0.0B(46.0M) Survivors: 36.0M->5120.0K Heap: 610.0M(1024.0M)->521.1M(1024.0M)]
 [Times: user=0.06 sys=0.01, real=0.01 secs] 
2022-01-12T16:06:05.121-0800: 19.603: [GC pause (G1 Evacuation Pause) (mixed), 0.0048108 secs]
   [Parallel Time: 3.8 ms, GC Workers: 10]
      [GC Worker Start (ms): Min: 19603.4, Avg: 19603.6, Max: 19603.7, Diff: 0.3]
      [Ext Root Scanning (ms): Min: 0.0, Avg: 0.1, Max: 0.3, Diff: 0.3, Sum: 1.3]
      [Update RS (ms): Min: 0.9, Avg: 0.9, Max: 1.0, Diff: 0.1, Sum: 9.2]
         [Processed Buffers: Min: 6, Avg: 7.7, Max: 9, Diff: 3, Sum: 77]
      [Scan RS (ms): Min: 0.0, Avg: 0.0, Max: 0.1, Diff: 0.1, Sum: 0.2]
      [Code Root Scanning (ms): Min: 0.0, Avg: 0.0, Max: 0.0, Diff: 0.0, Sum: 0.0]
      [Object Copy (ms): Min: 2.3, Avg: 2.3, Max: 2.4, Diff: 0.1, Sum: 23.4]
      [Termination (ms): Min: 0.0, Avg: 0.1, Max: 0.2, Diff: 0.2, Sum: 1.1]
         [Termination Attempts: Min: 1, Avg: 1.1, Max: 2, Diff: 1, Sum: 11]
      [GC Worker Other (ms): Min: 0.0, Avg: 0.0, Max: 0.0, Diff: 0.0, Sum: 0.1]
      [GC Worker Total (ms): Min: 3.4, Avg: 3.5, Max: 3.7, Diff: 0.3, Sum: 35.4]
      [GC Worker End (ms): Min: 19607.1, Avg: 19607.1, Max: 19607.1, Diff: 0.1]
   [Code Root Fixup: 0.0 ms]
   [Code Root Purge: 0.0 ms]
   [Clear CT: 0.2 ms]
   [Other: 0.9 ms]
      [Choose CSet: 0.0 ms]
      [Ref Proc: 0.4 ms]
      [Ref Enq: 0.0 ms]
      [Redirty Cards: 0.2 ms]
      [Humongous Register: 0.1 ms]
      [Humongous Reclaim: 0.0 ms]
      [Free CSet: 0.0 ms]
   [Eden: 46.0M(46.0M)->0.0B(268.0M) Survivors: 5120.0K->7168.0K Heap: 575.3M(1024.0M)->516.3M(1024.0M)]
 [Times: user=0.04 sys=0.00, real=0.00 secs] 
2022-01-12T16:06:05.136-0800: 19.618: [GC pause (G1 Humongous Allocation) (young) (initial-mark), 0.0024386 secs]
   [Parallel Time: 1.2 ms, GC Workers: 10]
      [GC Worker Start (ms): Min: 19618.3, Avg: 19618.5, Max: 19618.6, Diff: 0.2]
      [Ext Root Scanning (ms): Min: 0.1, Avg: 0.2, Max: 0.3, Diff: 0.2, Sum: 1.7]
      [Update RS (ms): Min: 0.0, Avg: 0.1, Max: 0.5, Diff: 0.5, Sum: 1.3]
         [Processed Buffers: Min: 1, Avg: 1.1, Max: 2, Diff: 1, Sum: 11]
      [Scan RS (ms): Min: 0.0, Avg: 0.0, Max: 0.0, Diff: 0.0, Sum: 0.0]
      [Code Root Scanning (ms): Min: 0.0, Avg: 0.0, Max: 0.0, Diff: 0.0, Sum: 0.0]
      [Object Copy (ms): Min: 0.0, Avg: 0.5, Max: 0.6, Diff: 0.6, Sum: 4.5]
      [Termination (ms): Min: 0.0, Avg: 0.1, Max: 0.2, Diff: 0.2, Sum: 1.0]
         [Termination Attempts: Min: 1, Avg: 1.1, Max: 2, Diff: 1, Sum: 11]
      [GC Worker Other (ms): Min: 0.0, Avg: 0.0, Max: 0.0, Diff: 0.0, Sum: 0.2]
      [GC Worker Total (ms): Min: 0.7, Avg: 0.9, Max: 1.0, Diff: 0.3, Sum: 8.8]
      [GC Worker End (ms): Min: 19619.3, Avg: 19619.3, Max: 19619.4, Diff: 0.1]
   [Code Root Fixup: 0.0 ms]
   [Code Root Purge: 0.0 ms]
   [Clear CT: 0.2 ms]
   [Other: 1.1 ms]
      [Choose CSet: 0.0 ms]
      [Ref Proc: 0.4 ms]
      [Ref Enq: 0.0 ms]
      [Redirty Cards: 0.3 ms]
      [Humongous Register: 0.1 ms]
      [Humongous Reclaim: 0.0 ms]
      [Free CSet: 0.1 ms]
   [Eden: 2048.0K(268.0M)->0.0B(240.0M) Survivors: 7168.0K->8192.0K Heap: 517.8M(1024.0M)->515.7M(1024.0M)]
 [Times: user=0.01 sys=0.00, real=0.00 secs] 
2022-01-12T16:06:05.139-0800: 19.621: [GC concurrent-root-region-scan-start]
2022-01-12T16:06:05.139-0800: 19.621: [GC concurrent-root-region-scan-end, 0.0000922 secs]
2022-01-12T16:06:05.139-0800: 19.621: [GC concurrent-mark-start]
2022-01-12T16:06:05.140-0800: 19.622: [GC concurrent-mark-end, 0.0013619 secs]
2022-01-12T16:06:05.140-0800: 19.622: [GC remark 2022-01-12T16:06:05.140-0800: 19.622: [Finalize Marking, 0.0003235 secs] 2022-01-12T16:06:05.141-0800: 19.623: [GC ref-proc, 0.0000622 secs] 2022-01-12T16:06:05.141-0800: 19.623: [Unloading, 0.0005347 secs], 0.0018573 secs]
 [Times: user=0.01 sys=0.00, real=0.00 secs] 
2022-01-12T16:06:05.142-0800: 19.624: [GC cleanup 517M->509M(1024M), 0.0011657 secs]
 [Times: user=0.01 sys=0.00, real=0.00 secs] 
2022-01-12T16:06:05.144-0800: 19.625: [GC concurrent-cleanup-start]
2022-01-12T16:06:05.144-0800: 19.626: [GC concurrent-cleanup-end, 0.0000148 secs]
Heap
 garbage-first heap   total 1048576K, used 614895K [0x0000000780000000, 0x0000000780102000, 0x00000007c0000000)
  region size 1024K, 83 young (84992K), 8 survivors (8192K)
 Metaspace       used 2593K, capacity 4486K, committed 4864K, reserved 1056768K
  class space    used 277K, capacity 386K, committed 512K, reserved 1048576K
