Java HotSpot(TM) 64-Bit Server VM (25.311-b11) for bsd-amd64 JRE (1.8.0_311-b11), built on Sep 27 2021 13:08:09 by "java_re" with gcc 4.2.1 Compatible Apple LLVM 11.0.0 (clang-1100.0.33.17)
Memory: 4k page, physical 16777216k(996988k free)

/proc/meminfo:

CommandLine flags: -XX:InitialHeapSize=1073741824 -XX:MaxHeapSize=1073741824 -XX:+PrintGC -XX:+PrintGCDateStamps -XX:+PrintGCDetails -XX:+PrintGCTimeStamps -XX:+UseCompressedClassPointers -XX:+UseCompressedOops -XX:+UseParallelGC 
2022-01-12T16:04:05.188-0800: 1.659: [GC (Allocation Failure) [PSYoungGen: 262144K->43506K(305664K)] 262144K->83863K(1005056K), 0.0324568 secs] [Times: user=0.06 sys=0.19, real=0.04 secs] 
2022-01-12T16:04:06.650-0800: 3.121: [GC (Allocation Failure) [PSYoungGen: 305650K->43514K(305664K)] 346007K->152206K(1005056K), 0.0409419 secs] [Times: user=0.06 sys=0.26, real=0.04 secs] 
2022-01-12T16:04:08.028-0800: 4.500: [GC (Allocation Failure) [PSYoungGen: 305658K->43518K(305664K)] 414350K->223311K(1005056K), 0.0293106 secs] [Times: user=0.08 sys=0.15, real=0.03 secs] 
2022-01-12T16:04:09.328-0800: 5.799: [GC (Allocation Failure) [PSYoungGen: 305662K->43514K(305664K)] 485455K->292841K(1005056K), 0.0326057 secs] [Times: user=0.08 sys=0.17, real=0.04 secs] 
2022-01-12T16:04:10.685-0800: 7.156: [GC (Allocation Failure) [PSYoungGen: 305658K->43518K(305664K)] 554985K->366631K(1005056K), 0.0325289 secs] [Times: user=0.08 sys=0.17, real=0.03 secs] 
2022-01-12T16:04:12.011-0800: 8.482: [GC (Allocation Failure) [PSYoungGen: 305662K->43510K(160256K)] 628775K->436645K(859648K), 0.0339463 secs] [Times: user=0.08 sys=0.18, real=0.03 secs] 
2022-01-12T16:04:12.674-0800: 9.145: [GC (Allocation Failure) [PSYoungGen: 160246K->70695K(232960K)] 553381K->471383K(932352K), 0.0090370 secs] [Times: user=0.06 sys=0.02, real=0.01 secs] 
2022-01-12T16:04:13.273-0800: 9.744: [GC (Allocation Failure) [PSYoungGen: 187431K->94543K(232960K)] 588119K->504292K(932352K), 0.0127571 secs] [Times: user=0.10 sys=0.02, real=0.01 secs] 
2022-01-12T16:04:13.877-0800: 10.348: [GC (Allocation Failure) [PSYoungGen: 211279K->108586K(232960K)] 621028K->535440K(932352K), 0.0163402 secs] [Times: user=0.11 sys=0.03, real=0.02 secs] 
2022-01-12T16:04:14.474-0800: 10.945: [GC (Allocation Failure) [PSYoungGen: 225322K->80150K(232960K)] 652176K->565549K(932352K), 0.0248674 secs] [Times: user=0.07 sys=0.11, real=0.02 secs] 
2022-01-12T16:04:15.074-0800: 11.545: [GC (Allocation Failure) [PSYoungGen: 196886K->36617K(232960K)] 682285K->596505K(932352K), 0.0280630 secs] [Times: user=0.05 sys=0.16, real=0.03 secs] 
2022-01-12T16:04:15.674-0800: 12.145: [GC (Allocation Failure) [PSYoungGen: 153283K->38754K(232960K)] 713171K->629774K(932352K), 0.0138000 secs] [Times: user=0.04 sys=0.07, real=0.01 secs] 
2022-01-12T16:04:16.299-0800: 12.770: [GC (Allocation Failure) [PSYoungGen: 155340K->40444K(232960K)] 746359K->665167K(932352K), 0.0152923 secs] [Times: user=0.04 sys=0.08, real=0.02 secs] 
2022-01-12T16:04:16.315-0800: 12.786: [Full GC (Ergonomics) [PSYoungGen: 40444K->0K(232960K)] [ParOldGen: 624723K->328606K(699392K)] 665167K->328606K(932352K), [Metaspace: 2587K->2587K(1056768K)], 0.0475532 secs] [Times: user=0.37 sys=0.02, real=0.05 secs] 
2022-01-12T16:04:16.947-0800: 13.418: [GC (Allocation Failure) [PSYoungGen: 116736K->39877K(232960K)] 445342K->368484K(932352K), 0.0047430 secs] [Times: user=0.04 sys=0.00, real=0.01 secs] 
2022-01-12T16:04:17.515-0800: 13.986: [GC (Allocation Failure) [PSYoungGen: 156613K->41489K(232960K)] 485220K->406188K(932352K), 0.0081531 secs] [Times: user=0.08 sys=0.00, real=0.01 secs] 
2022-01-12T16:04:18.104-0800: 14.574: [GC (Allocation Failure) [PSYoungGen: 158051K->41741K(232960K)] 522750K->440285K(932352K), 0.0090161 secs] [Times: user=0.08 sys=0.00, real=0.01 secs] 
2022-01-12T16:04:18.687-0800: 15.158: [GC (Allocation Failure) [PSYoungGen: 158477K->35597K(232960K)] 557021K->473285K(932352K), 0.0092683 secs] [Times: user=0.07 sys=0.01, real=0.01 secs] 
2022-01-12T16:04:19.253-0800: 15.724: [GC (Allocation Failure) [PSYoungGen: 152333K->42147K(232960K)] 590021K->512119K(932352K), 0.0091161 secs] [Times: user=0.07 sys=0.01, real=0.01 secs] 
2022-01-12T16:04:19.863-0800: 16.333: [GC (Allocation Failure) [PSYoungGen: 158490K->41221K(232960K)] 628462K->547835K(932352K), 0.0088256 secs] [Times: user=0.08 sys=0.01, real=0.01 secs] 
2022-01-12T16:04:20.407-0800: 16.878: [GC (Allocation Failure) [PSYoungGen: 157957K->39135K(232960K)] 664571K->583673K(932352K), 0.0092087 secs] [Times: user=0.08 sys=0.00, real=0.01 secs] 
2022-01-12T16:04:20.982-0800: 17.452: [GC (Allocation Failure) [PSYoungGen: 155871K->38500K(232960K)] 700409K->618329K(932352K), 0.0080815 secs] [Times: user=0.08 sys=0.00, real=0.01 secs] 
2022-01-12T16:04:21.611-0800: 18.082: [GC (Allocation Failure) [PSYoungGen: 155236K->43103K(232960K)] 735065K->657980K(932352K), 0.0090910 secs] [Times: user=0.08 sys=0.00, real=0.01 secs] 
2022-01-12T16:04:22.267-0800: 18.738: [GC (Allocation Failure) [PSYoungGen: 159839K->44406K(232960K)] 774716K->697234K(932352K), 0.0136956 secs] [Times: user=0.05 sys=0.07, real=0.02 secs] 
2022-01-12T16:04:22.281-0800: 18.752: [Full GC (Ergonomics) [PSYoungGen: 44406K->0K(232960K)] [ParOldGen: 652827K->358960K(699392K)] 697234K->358960K(932352K), [Metaspace: 2587K->2587K(1056768K)], 0.0443845 secs] [Times: user=0.39 sys=0.01, real=0.04 secs] 
2022-01-12T16:04:22.907-0800: 19.378: [GC (Allocation Failure) [PSYoungGen: 116723K->34664K(232960K)] 475684K->393625K(932352K), 0.0045485 secs] [Times: user=0.04 sys=0.00, real=0.01 secs] 
2022-01-12T16:04:23.508-0800: 19.979: [GC (Allocation Failure) [PSYoungGen: 151400K->39464K(232960K)] 510361K->429558K(932352K), 0.0074922 secs] [Times: user=0.07 sys=0.00, real=0.01 secs] 
Heap
 PSYoungGen      total 232960K, used 61992K [0x00000007aab00000, 0x00000007c0000000, 0x00000007c0000000)
  eden space 116736K, 19% used [0x00000007aab00000,0x00000007ac0fff28,0x00000007b1d00000)
  from space 116224K, 33% used [0x00000007b1d00000,0x00000007b438a2e0,0x00000007b8e80000)
  to   space 116224K, 0% used [0x00000007b8e80000,0x00000007b8e80000,0x00000007c0000000)
 ParOldGen       total 699392K, used 390094K [0x0000000780000000, 0x00000007aab00000, 0x00000007aab00000)
  object space 699392K, 55% used [0x0000000780000000,0x0000000797cf3818,0x00000007aab00000)
 Metaspace       used 2593K, capacity 4486K, committed 4864K, reserved 1056768K
  class space    used 277K, capacity 386K, committed 512K, reserved 1048576K
