Java HotSpot(TM) 64-Bit Server VM (25.311-b11) for bsd-amd64 JRE (1.8.0_311-b11), built on Sep 27 2021 13:08:09 by "java_re" with gcc 4.2.1 Compatible Apple LLVM 11.0.0 (clang-1100.0.33.17)
Memory: 4k page, physical 16777216k(536020k free)

/proc/meminfo:

CommandLine flags: -XX:InitialHeapSize=1073741824 -XX:MaxHeapSize=1073741824 -XX:+PrintGC -XX:+PrintGCDateStamps -XX:+PrintGCDetails -XX:+PrintGCTimeStamps -XX:+UseCompressedClassPointers -XX:+UseCompressedOops -XX:+UseSerialGC 
2022-01-12T16:02:48.396-0800: 1.681: [GC (Allocation Failure) 2022-01-12T16:02:48.396-0800: 1.681: [DefNew: 279616K->34943K(314560K), 0.0545762 secs] 279616K->88484K(1013632K), 0.0547121 secs] [Times: user=0.03 sys=0.03, real=0.06 secs] 
2022-01-12T16:02:49.839-0800: 3.124: [GC (Allocation Failure) 2022-01-12T16:02:49.839-0800: 3.124: [DefNew: 314559K->34943K(314560K), 0.0685359 secs] 368100K->166991K(1013632K), 0.0686319 secs] [Times: user=0.04 sys=0.03, real=0.07 secs] 
2022-01-12T16:02:51.229-0800: 4.514: [GC (Allocation Failure) 2022-01-12T16:02:51.229-0800: 4.514: [DefNew: 314559K->34944K(314560K), 0.0567741 secs] 446607K->251822K(1013632K), 0.0568627 secs] [Times: user=0.04 sys=0.02, real=0.06 secs] 
2022-01-12T16:02:52.643-0800: 5.928: [GC (Allocation Failure) 2022-01-12T16:02:52.643-0800: 5.928: [DefNew: 314560K->34943K(314560K), 0.0539108 secs] 531438K->334218K(1013632K), 0.0540342 secs] [Times: user=0.03 sys=0.02, real=0.05 secs] 
2022-01-12T16:02:54.064-0800: 7.349: [GC (Allocation Failure) 2022-01-12T16:02:54.064-0800: 7.349: [DefNew: 314559K->34943K(314560K), 0.0698671 secs] 613834K->415332K(1013632K), 0.0699853 secs] [Times: user=0.04 sys=0.03, real=0.07 secs] 
2022-01-12T16:02:55.500-0800: 8.785: [GC (Allocation Failure) 2022-01-12T16:02:55.500-0800: 8.785: [DefNew: 314559K->34944K(314560K), 0.0489715 secs] 694948K->489705K(1013632K), 0.0491139 secs] [Times: user=0.03 sys=0.02, real=0.04 secs] 
2022-01-12T16:02:56.964-0800: 10.249: [GC (Allocation Failure) 2022-01-12T16:02:56.964-0800: 10.249: [DefNew: 314560K->34944K(314560K), 0.0537518 secs] 769321K->570005K(1013632K), 0.0538737 secs] [Times: user=0.03 sys=0.02, real=0.05 secs] 
2022-01-12T16:02:58.416-0800: 11.701: [GC (Allocation Failure) 2022-01-12T16:02:58.416-0800: 11.701: [DefNew: 314560K->34943K(314560K), 0.0566307 secs] 849621K->655651K(1013632K), 0.0567525 secs] [Times: user=0.03 sys=0.02, real=0.06 secs] 
2022-01-12T16:02:59.893-0800: 13.178: [GC (Allocation Failure) 2022-01-12T16:02:59.894-0800: 13.178: [DefNew: 314559K->314559K(314560K), 0.0000224 secs]2022-01-12T16:02:59.894-0800: 13.178: [Tenured: 620708K->383826K(699072K), 0.0760400 secs] 935267K->383826K(1013632K), [Metaspace: 2587K->2587K(1056768K)], 0.0761812 secs] [Times: user=0.08 sys=0.00, real=0.08 secs] 
2022-01-12T16:03:01.409-0800: 14.693: [GC (Allocation Failure) 2022-01-12T16:03:01.409-0800: 14.693: [DefNew: 279616K->34943K(314560K), 0.0165056 secs] 663442K->467055K(1013632K), 0.0166287 secs] [Times: user=0.01 sys=0.00, real=0.02 secs] 
2022-01-12T16:03:02.818-0800: 16.103: [GC (Allocation Failure) 2022-01-12T16:03:02.818-0800: 16.103: [DefNew: 314559K->34943K(314560K), 0.0227249 secs] 746671K->554446K(1013632K), 0.0228723 secs] [Times: user=0.02 sys=0.00, real=0.03 secs] 
2022-01-12T16:03:04.277-0800: 17.562: [GC (Allocation Failure) 2022-01-12T16:03:04.277-0800: 17.562: [DefNew: 314559K->34943K(314560K), 0.0195229 secs] 834062K->639350K(1013632K), 0.0196513 secs] [Times: user=0.02 sys=0.00, real=0.02 secs] 
2022-01-12T16:03:05.734-0800: 19.019: [GC (Allocation Failure) 2022-01-12T16:03:05.734-0800: 19.019: [DefNew: 314559K->314559K(314560K), 0.0000364 secs]2022-01-12T16:03:05.734-0800: 19.019: [Tenured: 604406K->398253K(699072K), 0.0555669 secs] 918966K->398253K(1013632K), [Metaspace: 2587K->2587K(1056768K)], 0.0557573 secs] [Times: user=0.05 sys=0.00, real=0.06 secs] 
Heap
 def new generation   total 314560K, used 204602K [0x0000000780000000, 0x0000000795550000, 0x0000000795550000)
  eden space 279616K,  73% used [0x0000000780000000, 0x000000078c7ce940, 0x0000000791110000)
  from space 34944K,   0% used [0x0000000793330000, 0x0000000793330000, 0x0000000795550000)
  to   space 34944K,   0% used [0x0000000791110000, 0x0000000791110000, 0x0000000793330000)
 tenured generation   total 699072K, used 398253K [0x0000000795550000, 0x00000007c0000000, 0x00000007c0000000)
   the space 699072K,  56% used [0x0000000795550000, 0x00000007ada3b470, 0x00000007ada3b600, 0x00000007c0000000)
 Metaspace       used 2593K, capacity 4486K, committed 4864K, reserved 1056768K
  class space    used 277K, capacity 386K, committed 512K, reserved 1048576K
